Component: Arm Compiler for Embedded 6.22 Tool: armlink [5ee90200]

==============================================================================

Section Cross References

    startup_stm32f103xb.o(STACK) refers (Special) to heapauxi.o(.text) for __use_two_region_memory
    startup_stm32f103xb.o(HEAP) refers (Special) to heapauxi.o(.text) for __use_two_region_memory
    startup_stm32f103xb.o(RESET) refers (Special) to heapauxi.o(.text) for __use_two_region_memory
    startup_stm32f103xb.o(RESET) refers to startup_stm32f103xb.o(STACK) for __initial_sp
    startup_stm32f103xb.o(RESET) refers to startup_stm32f103xb.o(.text) for Reset_Handler
    startup_stm32f103xb.o(RESET) refers to stm32f1xx_it.o(.text.NMI_Handler) for NMI_Handler
    startup_stm32f103xb.o(RESET) refers to stm32f1xx_it.o(.text.HardFault_Handler) for HardFault_Handler
    startup_stm32f103xb.o(RESET) refers to stm32f1xx_it.o(.text.MemManage_Handler) for MemManage_Handler
    startup_stm32f103xb.o(RESET) refers to stm32f1xx_it.o(.text.BusFault_Handler) for BusFault_Handler
    startup_stm32f103xb.o(RESET) refers to stm32f1xx_it.o(.text.UsageFault_Handler) for UsageFault_Handler
    startup_stm32f103xb.o(RESET) refers to stm32f1xx_it.o(.text.SVC_Handler) for SVC_Handler
    startup_stm32f103xb.o(RESET) refers to stm32f1xx_it.o(.text.DebugMon_Handler) for DebugMon_Handler
    startup_stm32f103xb.o(RESET) refers to stm32f1xx_it.o(.text.PendSV_Handler) for PendSV_Handler
    startup_stm32f103xb.o(RESET) refers to stm32f1xx_it.o(.text.SysTick_Handler) for SysTick_Handler
    startup_stm32f103xb.o(RESET) refers to main.o(.text.EXTI0_IRQHandler) for EXTI0_IRQHandler
    startup_stm32f103xb.o(RESET) refers to timer.o(.text.TIM3_IRQHandler) for TIM3_IRQHandler
    startup_stm32f103xb.o(RESET) refers to uart.o(.text.USART1_IRQHandler) for USART1_IRQHandler
    startup_stm32f103xb.o(RESET) refers to uart.o(.text.USART2_IRQHandler) for USART2_IRQHandler
    startup_stm32f103xb.o(.text) refers (Special) to heapauxi.o(.text) for __use_two_region_memory
    startup_stm32f103xb.o(.text) refers to system_stm32f1xx.o(.text.SystemInit) for SystemInit
    startup_stm32f103xb.o(.text) refers to __main.o(!!!main) for __main
    startup_stm32f103xb.o(.text) refers to startup_stm32f103xb.o(HEAP) for Heap_Mem
    startup_stm32f103xb.o(.text) refers to startup_stm32f103xb.o(STACK) for Stack_Mem
    fonts.o(.data.Font_7x10) refers to fonts.o(.rodata.Font7x10) for [Anonymous Symbol]
    fonts.o(.data.Font_11x18) refers to fonts.o(.rodata.Font11x18) for [Anonymous Symbol]
    fonts.o(.data.Font_16x26) refers to fonts.o(.rodata.Font16x26) for [Anonymous Symbol]
    st7735.o(.text.ST7735_Init) refers to stm32f1xx_hal_gpio.o(.text.HAL_GPIO_WritePin) for HAL_GPIO_WritePin
    st7735.o(.text.ST7735_Init) refers to stm32f1xx_hal.o(.text.HAL_Delay) for HAL_Delay
    st7735.o(.text.ST7735_Init) refers to st7735.o(.rodata.init_cmds1) for init_cmds1
    st7735.o(.text.ST7735_Init) refers to st7735.o(.text.ST7735_ExecuteCommandList) for ST7735_ExecuteCommandList
    st7735.o(.text.ST7735_Init) refers to st7735.o(.rodata.init_cmds2) for init_cmds2
    st7735.o(.text.ST7735_Init) refers to st7735.o(.rodata.init_cmds3) for init_cmds3
    st7735.o(.ARM.exidx.text.ST7735_Init) refers to st7735.o(.text.ST7735_Init) for [Anonymous Symbol]
    st7735.o(.text.ST7735_ExecuteCommandList) refers to main.o(.bss.hspi1) for hspi1
    st7735.o(.text.ST7735_ExecuteCommandList) refers to stm32f1xx_hal_gpio.o(.text.HAL_GPIO_WritePin) for HAL_GPIO_WritePin
    st7735.o(.text.ST7735_ExecuteCommandList) refers to stm32f1xx_hal_spi.o(.text.HAL_SPI_Transmit) for HAL_SPI_Transmit
    st7735.o(.text.ST7735_ExecuteCommandList) refers to stm32f1xx_hal.o(.text.HAL_Delay) for HAL_Delay
    st7735.o(.ARM.exidx.text.ST7735_ExecuteCommandList) refers to st7735.o(.text.ST7735_ExecuteCommandList) for [Anonymous Symbol]
    st7735.o(.text.ST7735_DrawPixel) refers to st7735.o(.bss._width) for _width
    st7735.o(.text.ST7735_DrawPixel) refers to st7735.o(.bss._height) for _height
    st7735.o(.text.ST7735_DrawPixel) refers to stm32f1xx_hal_gpio.o(.text.HAL_GPIO_WritePin) for HAL_GPIO_WritePin
    st7735.o(.text.ST7735_DrawPixel) refers to st7735.o(.text.ST7735_SetAddressWindow) for ST7735_SetAddressWindow
    st7735.o(.text.ST7735_DrawPixel) refers to main.o(.bss.hspi1) for hspi1
    st7735.o(.text.ST7735_DrawPixel) refers to stm32f1xx_hal_spi.o(.text.HAL_SPI_Transmit) for HAL_SPI_Transmit
    st7735.o(.ARM.exidx.text.ST7735_DrawPixel) refers to st7735.o(.text.ST7735_DrawPixel) for [Anonymous Symbol]
    st7735.o(.text.ST7735_SetAddressWindow) refers to stm32f1xx_hal_gpio.o(.text.HAL_GPIO_WritePin) for HAL_GPIO_WritePin
    st7735.o(.text.ST7735_SetAddressWindow) refers to main.o(.bss.hspi1) for hspi1
    st7735.o(.text.ST7735_SetAddressWindow) refers to stm32f1xx_hal_spi.o(.text.HAL_SPI_Transmit) for HAL_SPI_Transmit
[...]
    stm32f1xx_hal_flash.c                    0x00000000   Number         0  stm32f1xx_hal_flash.o ABSOLUTE
    stm32f1xx_hal_flash_ex.c                 0x00000000   Number         0  stm32f1xx_hal_flash_ex.o ABSOLUTE
    stm32f1xx_hal_gpio.c                     0x00000000   Number         0  stm32f1xx_hal_gpio.o ABSOLUTE
    stm32f1xx_hal_gpio_ex.c                  0x00000000   Number         0  stm32f1xx_hal_gpio_ex.o ABSOLUTE
    stm32f1xx_hal_msp.c                      0x00000000   Number         0  stm32f1xx_hal_msp.o ABSOLUTE
    stm32f1xx_hal_pwr.c                      0x00000000   Number         0  stm32f1xx_hal_pwr.o ABSOLUTE
    stm32f1xx_hal_rcc.c                      0x00000000   Number         0  stm32f1xx_hal_rcc.o ABSOLUTE
    stm32f1xx_hal_rcc_ex.c                   0x00000000   Number         0  stm32f1xx_hal_rcc_ex.o ABSOLUTE
    stm32f1xx_hal_spi.c                      0x00000000   Number         0  stm32f1xx_hal_spi.o ABSOLUTE
    stm32f1xx_hal_tim.c                      0x00000000   Number         0  stm32f1xx_hal_tim.o ABSOLUTE
    stm32f1xx_hal_tim_ex.c                   0x00000000   Number         0  stm32f1xx_hal_tim_ex.o ABSOLUTE
    stm32f1xx_it.c                           0x00000000   Number         0  stm32f1xx_it.o ABSOLUTE
    system_stm32f1xx.c                       0x00000000   Number         0  system_stm32f1xx.o ABSOLUTE
    RESET                                    0x08000000   Section      236  startup_stm32f103xb.o(RESET)
    !!!main                                  0x080000ec   Section        8  __main.o(!!!main)
    !!!scatter                               0x080000f4   Section       92  __scatter.o(!!!scatter)
    !!handler_copy                           0x08000150   Section       26  __scatter_copy.o(!!handler_copy)
    !!handler_null                           0x0800016c   Section        2  __scatter.o(!!handler_null)
    !!handler_zi                             0x08000170   Section       28  __scatter_zi.o(!!handler_zi)
    .ARM.Collect$$libinit$$00000000          0x0800018c   Section        2  libinit.o(.ARM.Collect$$libinit$$00000000)
    .ARM.Collect$$libinit$$00000002          0x0800018e   Section        0  libinit2.o(.ARM.Collect$$libinit$$00000002)
    .ARM.Collect$$libinit$$00000004          0x0800018e   Section        0  libinit2.o(.ARM.Collect$$libinit$$00000004)
    .ARM.Collect$$libinit$$00000006          0x0800018e   Section        0  libinit2.o(.ARM.Collect$$libinit$$00000006)
    .ARM.Collect$$libinit$$0000000C          0x0800018e   Section        0  libinit2.o(.ARM.Collect$$libinit$$0000000C)
    .ARM.Collect$$libinit$$0000000E          0x0800018e   Section        0  libinit2.o(.ARM.Collect$$libinit$$0000000E)
    .ARM.Collect$$libinit$$00000010          0x0800018e   Section        0  libinit2.o(.ARM.Collect$$libinit$$00000010)
    .ARM.Collect$$libinit$$00000013          0x0800018e   Section        0  libinit2.o(.ARM.Collect$$libinit$$00000013)
    .ARM.Collect$$libinit$$00000015          0x0800018e   Section        0  libinit2.o(.ARM.Collect$$libinit$$00000015)
    .ARM.Collect$$libinit$$00000017          0x0800018e   Section        0  libinit2.o(.ARM.Collect$$libinit$$00000017)
    .ARM.Collect$$libinit$$00000019          0x0800018e   Section        0  libinit2.o(.ARM.Collect$$libinit$$00000019)
    .ARM.Collect$$libinit$$0000001B          0x0800018e   Section        0  libinit2.o(.ARM.Collect$$libinit$$0000001B)
    .ARM.Collect$$libinit$$0000001D          0x0800018e   Section        0  libinit2.o(.ARM.Collect$$libinit$$0000001D)
    .ARM.Collect$$libinit$$0000001F          0x0800018e   Section        0  libinit2.o(.ARM.Collect$$libinit$$0000001F)
    .ARM.Collect$$libinit$$00000021          0x0800018e   Section        0  libinit2.o(.ARM.Collect$$libinit$$00000021)
    .ARM.Collect$$libinit$$00000023          0x0800018e   Section        0  libinit2.o(.ARM.Collect$$libinit$$00000023)
    .ARM.Collect$$libinit$$00000025          0x0800018e   Section        0  libinit2.o(.ARM.Collect$$libinit$$00000025)
    .ARM.Collect$$libinit$$00000027          0x0800018e   Section        0  libinit2.o(.ARM.Collect$$libinit$$00000027)
    .ARM.Collect$$libinit$$0000002E          0x0800018e   Section        0  libinit2.o(.ARM.Collect$$libinit$$0000002E)
    .ARM.Collect$$libinit$$00000030          0x0800018e   Section        0  libinit2.o(.ARM.Collect$$libinit$$00000030)
    .ARM.Collect$$libinit$$00000032          0x0800018e   Section        0  libinit2.o(.ARM.Collect$$libinit$$00000032)
    .ARM.Collect$$libinit$$00000034          0x0800018e   Section        0  libinit2.o(.ARM.Collect$$libinit$$00000034)
    .ARM.Collect$$libinit$$00000035          0x0800018e   Section        2  libinit2.o(.ARM.Collect$$libinit$$00000035)
    .ARM.Collect$$libshutdown$$00000000      0x08000190   Section        2  libshutdown.o(.ARM.Collect$$libshutdown$$00000000)
    .ARM.Collect$$libshutdown$$00000002      0x08000192   Section        0  libshutdown2.o(.ARM.Collect$$libshutdown$$00000002)
    .ARM.Collect$$libshutdown$$00000004      0x08000192   Section        0  libshutdown2.o(.ARM.Collect$$libshutdown$$00000004)
    .ARM.Collect$$libshutdown$$00000007      0x08000192   Section        0  libshutdown2.o(.ARM.Collect$$libshutdown$$00000007)
    .ARM.Collect$$libshutdown$$0000000A      0x08000192   Section        0  libshutdown2.o(.ARM.Collect$$libshutdown$$0000000A)
    .ARM.Collect$$libshutdown$$0000000C      0x08000192   Section        0  libshutdown2.o(.ARM.Collect$$libshutdown$$0000000C)
    .ARM.Collect$$libshutdown$$0000000F      0x08000192   Section        0  libshutdown2.o(.ARM.Collect$$libshutdown$$0000000F)
    .ARM.Collect$$libshutdown$$00000010      0x08000192   Section        2  libshutdown2.o(.ARM.Collect$$libshutdown$$00000010)
    .ARM.Collect$$rtentry$$00000000          0x08000194   Section        0  __rtentry.o(.ARM.Collect$$rtentry$$00000000)
    .ARM.Collect$$rtentry$$00000002          0x08000194   Section        0  __rtentry2.o(.ARM.Collect$$rtentry$$00000002)
    .ARM.Collect$$rtentry$$00000004          0x08000194   Section        6  __rtentry4.o(.ARM.Collect$$rtentry$$00000004)
    .ARM.Collect$$rtentry$$00000009          0x0800019a   Section        0  __rtentry2.o(.ARM.Collect$$rtentry$$00000009)
    .ARM.Collect$$rtentry$$0000000A          0x0800019a   Section        4  __rtentry2.o(.ARM.Collect$$rtentry$$0000000A)
    .ARM.Collect$$rtentry$$0000000C          0x0800019e   Section        0  __rtentry2.o(.ARM.Collect$$rtentry$$0000000C)
    .ARM.Collect$$rtentry$$0000000D          0x0800019e   Section        8  __rtentry2.o(.ARM.Collect$$rtentry$$0000000D)
    .ARM.Collect$$rtexit$$00000000           0x080001a6   Section        2  rtexit.o(.ARM.Collect$$rtexit$$00000000)
    .ARM.Collect$$rtexit$$00000002           0x080001a8   Section        0  rtexit2.o(.ARM.Collect$$rtexit$$00000002)
    .ARM.Collect$$rtexit$$00000003           0x080001a8   Section        4  rtexit2.o(.ARM.Collect$$rtexit$$00000003)
    .ARM.Collect$$rtexit$$00000004           0x080001ac   Section        6  rtexit2.o(.ARM.Collect$$rtexit$$00000004)
    .text                                    0x080001b4   Section       64  startup_stm32f103xb.o(.text)
    .text                                    0x080001f4   Section       68  rt_memclr.o(.text)
    .text                                    0x08000238   Section        0  heapauxi.o(.text)
    .text                                    0x0800023e   Section       78  rt_memclr_w.o(.text)
    .text                                    0x0800028c   Section       74  sys_stackheap_outer.o(.text)
    .text                                    0x080002d6   Section        0  exit.o(.text)
    .text                                    0x080002e8   Section        8  libspace.o(.text)
    .text                                    0x080002f0   Section        0  sys_exit.o(.text)
    .text                                    0x080002fc   Section        2  use_no_semi.o(.text)
    [Anonymous Symbol]                       0x080002fe   Section        0  adc.o(.text.ADC_Init)
    .text                                    0x080002fe   Section        0  indicate_semi.o(.text)
    [Anonymous Symbol]                       0x08000354   Section        0  stm32f1xx_it.o(.text.BusFault_Handler)
    [Anonymous Symbol]                       0x08000356   Section        0  stm32f1xx_it.o(.text.DebugMon_Handler)
    [Anonymous Symbol]                       0x08000358   Section        0  main.o(.text.EXTI0_IRQHandler)
    [Anonymous Symbol]                       0x08000392   Section        0  spaceinvaders.o(.text.Endgame)
    [Anonymous Symbol]                       0x080003bc   Section        0  stm32f1xx_hal.o(.text.HAL_Delay)
    [Anonymous Symbol]                       0x080003e4   Section        0  stm32f1xx_hal_gpio.o(.text.HAL_GPIO_Init)
    [Anonymous Symbol]                       0x080005d4   Section        0  stm32f1xx_hal_gpio.o(.text.HAL_GPIO_WritePin)
    [Anonymous Symbol]                       0x080005de   Section        0  stm32f1xx_hal.o(.text.HAL_GetTick)
    [Anonymous Symbol]                       0x080005ea   Section        0  stm32f1xx_hal.o(.text.HAL_IncTick)
    [Anonymous Symbol]                       0x08000604   Section        0  stm32f1xx_hal.o(.text.HAL_Init)
    [Anonymous Symbol]                       0x0800062a   Section        0  stm32f1xx_hal.o(.text.HAL_InitTick)
    [Anonymous Symbol]                       0x0800067a   Section        0  stm32f1xx_hal_msp.o(.text.HAL_MspInit)
    [Anonymous Symbol]                       0x080006bc   Section        0  stm32f1xx_hal_cortex.o(.text.HAL_NVIC_SetPriority)
    [Anonymous Symbol]                       0x08000712   Section        0  stm32f1xx_hal_cortex.o(.text.HAL_NVIC_SetPriorityGrouping)
    [Anonymous Symbol]                       0x08000732   Section        0  stm32f1xx_hal_spi.o(.text.HAL_SPI_Init)
    [Anonymous Symbol]                       0x080007da   Section        0  stm32f1xx_hal_msp.o(.text.HAL_SPI_MspInit)
    [Anonymous Symbol]                       0x08000840   Section        0  stm32f1xx_hal_spi.o(.text.HAL_SPI_Transmit)
    [Anonymous Symbol]                       0x080009be   Section        0  stm32f1xx_hal_cortex.o(.text.HAL_SYSTICK_Config)
    [Anonymous Symbol]                       0x080009ec   Section        0  stm32f1xx_it.o(.text.HardFault_Handler)
    [Anonymous Symbol]                       0x080009ee   Section        0  io.o(.text.IO_Init)
    [Anonymous Symbol]                       0x08000aa0   Section        0  spaceinvaders.o(.text.Initbullet)
    [Anonymous Symbol]                       0x08000abc   Section        0  stm32f1xx_it.o(.text.MemManage_Handler)
    [Anonymous Symbol]                       0x08000ac0   Section        0  stm32f1xx_it.o(.text.NMI_Handler)
    [Anonymous Symbol]                       0x08000ac4   Section        0  pll.o(.text.PLL_Init)
    [Anonymous Symbol]                       0x08000b1c   Section        0  stm32f1xx_it.o(.text.PendSV_Handler)
    [Anonymous Symbol]                       0x08000b1e   Section        0  random.o(.text.Random)
    [Anonymous Symbol]                       0x08000b42   Section        0  random.o(.text.Random_Init)
    [Anonymous Symbol]                       0x08000b4e   Section        0  random.o(.text.Random_UpdateSeed)
    SPI_WaitFlagStateUntilTimeout            0x08000b5d   Thumb Code   196  stm32f1xx_hal_spi.o(.text.SPI_WaitFlagStateUntilTimeout)
    [Anonymous Symbol]                       0x08000b5c   Section        0  stm32f1xx_hal_spi.o(.text.SPI_WaitFlagStateUntilTimeout)
    [Anonymous Symbol]                       0x08000c20   Section        0  st7735.o(.text.ST7735_Backlight_On)
    [Anonymous Symbol]                       0x08000c34   Section        0  st7735.o(.text.ST7735_DrawCircle)
    [Anonymous Symbol]                       0x08000d64   Section        0  st7735.o(.text.ST7735_DrawCircleHelper)
    [Anonymous Symbol]                       0x08000e68   Section        0  st7735.o(.text.ST7735_DrawFastHLine)
    [Anonymous Symbol]                       0x08000ebe   Section        0  st7735.o(.text.ST7735_DrawFastVLine)
    [Anonymous Symbol]                       0x08000f14   Section        0  st7735.o(.text.ST7735_DrawImage)
    [Anonymous Symbol]                       0x08000fc8   Section        0  st7735.o(.text.ST7735_DrawLine)
    [Anonymous Symbol]                       0x0800106e   Section        0  st7735.o(.text.ST7735_DrawPixel)
    [Anonymous Symbol]                       0x08001100   Section        0  st7735.o(.text.ST7735_DrawRoundRect)
    [Anonymous Symbol]                       0x080011bc   Section        0  st7735.o(.text.ST7735_DrawString)
    ST7735_ExecuteCommandList                0x0800132d   Thumb Code   144  st7735.o(.text.ST7735_ExecuteCommandList)
    [Anonymous Symbol]                       0x0800132c   Section        0  st7735.o(.text.ST7735_ExecuteCommandList)
    [Anonymous Symbol]                       0x080013bc   Section        0  st7735.o(.text.ST7735_FillCircleHelper)
    [Anonymous Symbol]                       0x08001498   Section        0  st7735.o(.text.ST7735_FillRectangle)
    [Anonymous Symbol]                       0x08001570   Section        0  st7735.o(.text.ST7735_FillRoundRect)
    [Anonymous Symbol]                       0x080015d6   Section        0  st7735.o(.text.ST7735_FillScreen)
    [Anonymous Symbol]                       0x0800161a   Section        0  st7735.o(.text.ST7735_Init)
    ST7735_SetAddressWindow                  0x08001683   Thumb Code   220  st7735.o(.text.ST7735_SetAddressWindow)
    [Anonymous Symbol]                       0x08001682   Section        0  st7735.o(.text.ST7735_SetAddressWindow)
    [Anonymous Symbol]                       0x0800175e   Section        0  stm32f1xx_it.o(.text.SVC_Handler)
    [Anonymous Symbol]                       0x08001760   Section        0  stm32f1xx_it.o(.text.SysTick_Handler)
    [Anonymous Symbol]                       0x08001764   Section        0  systick.o(.text.SysTick_Init)
    [Anonymous Symbol]                       0x0800177c   Section        0  system_stm32f1xx.o(.text.SystemInit)
    [Anonymous Symbol]                       0x0800177e   Section        0  timer.o(.text.TIM3_IRQHandler)
    [Anonymous Symbol]                       0x080017c4   Section        0  timer.o(.text.Timer3A_Init)
    [Anonymous Symbol]                       0x0800182e   Section        0  uart.o(.text.UART1_Init)
    [Anonymous Symbol]                       0x080018c4   Section        0  uart.o(.text.UART1_SendString)
    [Anonymous Symbol]                       0x0800190a   Section        0  uart.o(.text.UART2_Init)
    [Anonymous Symbol]                       0x080019a0   Section        0  uart.o(.text.UART2_SendString)
    [Anonymous Symbol]                       0x080019f6   Section        0  uart.o(.text.USART1_IRQHandler)
    [Anonymous Symbol]                       0x08001a98   Section        0  uart.o(.text.USART2_IRQHandler)
    [Anonymous Symbol]                       0x08001b3c   Section        0  stm32f1xx_it.o(.text.UsageFault_Handler)
    [Anonymous Symbol]                       0x08001b3e   Section        0  spaceinvaders.o(.text.animateFillRoundRect)
    [Anonymous Symbol]                       0x08001b82   Section        0  spaceinvaders.o(.text.background)
    [Anonymous Symbol]                       0x08001c38   Section        0  spaceinvaders.o(.text.battleshipBulletInit)
    [Anonymous Symbol]                       0x08001c9e   Section        0  spaceinvaders.o(.text.battleshipBulletMove)
    [Anonymous Symbol]                       0x08001d0a   Section        0  spaceinvaders.o(.text.battleshipBulletMove_1)
    [Anonymous Symbol]                       0x08001d76   Section        0  spaceinvaders.o(.text.battleshipBulletMove_2)
    [Anonymous Symbol]                       0x08001de6   Section        0  spaceinvaders.o(.text.battleshipInit_1)
    [Anonymous Symbol]                       0x08001e00   Section        0  spaceinvaders.o(.text.battleshipMove)
    [Anonymous Symbol]                       0x08001e64   Section        0  spaceinvaders.o(.text.battleshipMove_2)
    [Anonymous Symbol]                       0x08001eea   Section        0  spaceinvaders.o(.text.changestate)
    [Anonymous Symbol]                       0x08001f20   Section        0  spaceinvaders.o(.text.dynamic_hole)
    [Anonymous Symbol]                       0x08001fb8   Section        0  spaceinvaders.o(.text.dynamic_hole_1)
    [Anonymous Symbol]                       0x08002050   Section        0  spaceinvaders.o(.text.dynamic_hole_2)
    [Anonymous Symbol]                       0x080020e8   Section        0  spaceinvaders.o(.text.dynamic_hole_3)
    [Anonymous Symbol]                       0x08002180   Section        0  spaceinvaders.o(.text.dynamic_hole_4)
    [Anonymous Symbol]                       0x08002218   Section        0  spaceinvaders.o(.text.dynamic_hole_5)
    [Anonymous Symbol]                       0x080022b0   Section        0  spaceinvaders.o(.text.init_fire)
    [Anonymous Symbol]                       0x080022e0   Section        0  spaceinvaders.o(.text.init_water)
    [Anonymous Symbol]                       0x08002314   Section        0  main.o(.text.main)
    [Anonymous Symbol]                       0x080027d0   Section        0  spaceinvaders.o(.text.menu)
    [Anonymous Symbol]                       0x08002918   Section        0  spaceinvaders.o(.text.menu_loading)
    [Anonymous Symbol]                       0x080029b4   Section        0  spaceinvaders.o(.text.move_fire)
    [Anonymous Symbol]                       0x08002a9c   Section        0  spaceinvaders.o(.text.move_water)
    [Anonymous Symbol]                       0x08002b80   Section        0  spaceinvaders.o(.text.recover_fire)
    [Anonymous Symbol]                       0x08002b96   Section        0  spaceinvaders.o(.text.recover_water)
    [Anonymous Symbol]                       0x08002bb0   Section        0  spaceinvaders.o(.text.spacestones)
    [Anonymous Symbol]                       0x08002be8   Section        0  spaceinvaders.o(.text.spriteInit)
    [Anonymous Symbol]                       0x08002c62   Section        0  spaceinvaders.o(.text.spriteMove)
    [Anonymous Symbol]                       0x080032e4   Section        0  spaceinvaders.o(.text.stars_vip)
    [Anonymous Symbol]                       0x0800331c   Section        0  spaceinvaders.o(.text.stars_walk_1)
    [Anonymous Symbol]                       0x0800337e   Section        0  spaceinvaders.o(.text.stars_walk_2)
    [Anonymous Symbol]                       0x080033f2   Section        0  spaceinvaders.o(.text.stars_walk_3)
    [Anonymous Symbol]                       0x08003454   Section        0  spaceinvaders.o(.text.stars_walk_4)
    x$fpl$dfixu                              0x080034c4   Section       90  dfixu.o(x$fpl$dfixu)
    x$fpl$dfltu                              0x0800351e   Section       38  dflt_clz.o(x$fpl$dfltu)
    x$fpl$dmul                               0x08003544   Section      340  dmul.o(x$fpl$dmul)
    x$fpl$dnaninf                            0x08003698   Section      156  dnaninf.o(x$fpl$dnaninf)
    x$fpl$dretinf                            0x08003734   Section       12  dretinf.o(x$fpl$dretinf)
    x$fpl$ffix                               0x08003740   Section       54  ffix.o(x$fpl$ffix)
    x$fpl$fnaninf                            0x08003776   Section      140  fnaninf.o(x$fpl$fnaninf)
    Font7x10                                 0x08003802   Data        1900  fonts.o(.rodata.Font7x10)
    [Anonymous Symbol]                       0x08003802   Section        0  fonts.o(.rodata.Font7x10)
    x$fpl$usenofp                            0x08003802   Section        0  usenofp.o(x$fpl$usenofp)
    init_cmds1                               0x0800aa4a   Data          59  st7735.o(.rodata.init_cmds1)
    [Anonymous Symbol]                       0x0800aa4a   Section        0  st7735.o(.rodata.init_cmds1)
    init_cmds2                               0x0800aa85   Data          13  st7735.o(.rodata.init_cmds2)
    [Anonymous Symbol]                       0x0800aa85   Section        0  st7735.o(.rodata.init_cmds2)
    init_cmds3                               0x0800aa92   Data          43  st7735.o(.rodata.init_cmds3)
    [Anonymous Symbol]                       0x0800aa92   Section        0  st7735.o(.rodata.init_cmds3)
    precomputed_cos                          0x0800aac0   Data        1440  spaceinvaders.o(.rodata.precomputed_cos)
    [Anonymous Symbol]                       0x0800aac0   Section        0  spaceinvaders.o(.rodata.precomputed_cos)
    precomputed_cos_1                        0x0800b060   Data        1440  spaceinvaders.o(.rodata.precomputed_cos_1)
    [Anonymous Symbol]                       0x0800b060   Section        0  spaceinvaders.o(.rodata.precomputed_cos_1)
    precomputed_cos_2                        0x0800b600   Data        1440  spaceinvaders.o(.rodata.precomputed_cos_2)
    [Anonymous Symbol]                       0x0800b600   Section        0  spaceinvaders.o(.rodata.precomputed_cos_2)
    precomputed_sin                          0x0800bba0   Data        1440  spaceinvaders.o(.rodata.precomputed_sin)
    [Anonymous Symbol]                       0x0800bba0   Section        0  spaceinvaders.o(.rodata.precomputed_sin)
    precomputed_sin_1                        0x0800c140   Data        1440  spaceinvaders.o(.rodata.precomputed_sin_1)
    [Anonymous Symbol]                       0x0800c140   Section        0  spaceinvaders.o(.rodata.precomputed_sin_1)
    precomputed_sin_2                        0x0800c6e0   Data        1440  spaceinvaders.o(.rodata.precomputed_sin_2)
    [Anonymous Symbol]                       0x0800c6e0   Section        0  spaceinvaders.o(.rodata.precomputed_sin_2)
    .L.str                                   0x0800cc80   Data          14  spaceinvaders.o(.rodata.str1.1)
    [Anonymous Symbol]                       0x0800cc80   Section        0  spaceinvaders.o(.rodata.str1.1)
    .bss                                     0x20000038   Section       96  libspace.o(.bss)
    M                                        0x200000c4   Data           4  random.o(.bss.M)
    [Anonymous Symbol]                       0x200000c4   Section        0  random.o(.bss.M)
    _height                                  0x200000c8   Data           1  st7735.o(.bss._height)
    [Anonymous Symbol]                       0x200000c8   Section        0  st7735.o(.bss._height)
    _width                                   0x200000ca   Data           1  st7735.o(.bss._width)
    [Anonymous Symbol]                       0x200000ca   Section        0  st7735.o(.bss._width)
    Heap_Mem                                 0x20001240   Data         512  startup_stm32f103xb.o(HEAP)
    HEAP                                     0x20001240   Section      512  startup_stm32f103xb.o(HEAP)
    Stack_Mem                                0x20001440   Data        1024  startup_stm32f103xb.o(STACK)
    STACK                                    0x20001440   Section     1024  startup_stm32f103xb.o(STACK)
    __initial_sp                             0x20001840   Data           0  startup_stm32f103xb.o(STACK)

    Global Symbols

    Symbol Name                              Value     Ov Type        Size  Object(Section)

    BuildAttributes$$THM_ISAv4$P$D$K$B$S$PE$A:L22UL41UL21$X:L11$S22US41US21$IEEE1$IW$~IW$USESV6$~STKCKD$USESV7$~SHL$OSPACE$ROPI$EBA8$UX$STANDARDLIB$REQ8$PRES8$EABIv2 0x00000000   Number         0  anon$$obj.o ABSOLUTE
    __fp_init_empty                          0x00000000   Number         0  fpinit_empty.o ABSOLUTE
    __ARM_exceptions_init                     - Undefined Weak Reference
    __alloca_initialize                       - Undefined Weak Reference
    __arm_preinit_                            - Undefined Weak Reference
    __arm_relocate_pie_                       - Undefined Weak Reference
    __cpp_initialize__aeabi_                  - Undefined Weak Reference
    __cxa_finalize                            - Undefined Weak Reference
    __rt_locale                               - Undefined Weak Reference
    __sigvec_lookup                           - Undefined Weak Reference
    _atexit_init                              - Undefined Weak Reference
    _call_atexit_fns                          - Undefined Weak Reference
    _clock_init                               - Undefined Weak Reference
    _fp_trap_init                             - Undefined Weak Reference
    _fp_trap_shutdown                         - Undefined Weak Reference
    _get_lc_collate                           - Undefined Weak Reference
    _get_lc_ctype                             - Undefined Weak Reference
    _get_lc_monetary                          - Undefined Weak Reference
    _get_lc_numeric                           - Undefined Weak Reference
    _get_lc_time                              - Undefined Weak Reference
    _getenv_init                              - Undefined Weak Reference
    _handle_redirection                       - Undefined Weak Reference
    _init_alloc                               - Undefined Weak Reference
    _init_user_alloc                          - Undefined Weak Reference
    _initio                                   - Undefined Weak Reference
    _rand_init                                - Undefined Weak Reference
    _signal_finish                            - Undefined Weak Reference
    _signal_init                              - Undefined Weak Reference
    _terminate_alloc                          - Undefined Weak Reference
    _terminate_user_alloc                     - Undefined Weak Reference
    _terminateio                              - Undefined Weak Reference
    __Vectors_Size                           0x000000ec   Number         0  startup_stm32f103xb.o ABSOLUTE
    __Vectors                                0x08000000   Data           4  startup_stm32f103xb.o(RESET)
    __Vectors_End                            0x080000ec   Data           0  startup_stm32f103xb.o(RESET)
    __main                                   0x080000ed   Thumb Code     8  __main.o(!!!main)
    __scatterload                            0x080000f5   Thumb Code     0  __scatter.o(!!!scatter)
    __scatterload_rt2                        0x080000f5   Thumb Code    84  __scatter.o(!!!scatter)
    __scatterload_rt2_thumb_only             0x080000f5   Thumb Code     0  __scatter.o(!!!scatter)
    __scatterload_loop                       0x080000ff   Thumb Code     0  __scatter.o(!!!scatter)
    __scatterload_copy                       0x08000151   Thumb Code    26  __scatter_copy.o(!!handler_copy)
    __scatterload_null                       0x0800016d   Thumb Code     2  __scatter.o(!!handler_null)
    __scatterload_zeroinit                   0x08000171   Thumb Code    28  __scatter_zi.o(!!handler_zi)
    __rt_lib_init                            0x0800018d   Thumb Code     0  libinit.o(.ARM.Collect$$libinit$$00000000)
    __rt_lib_init_alloca_1                   0x0800018f   Thumb Code     0  libinit2.o(.ARM.Collect$$libinit$$00000030)
    __rt_lib_init_argv_1                     0x0800018f   Thumb Code     0  libinit2.o(.ARM.Collect$$libinit$$0000002E)
    __rt_lib_init_atexit_1                   0x0800018f   Thumb Code     0  libinit2.o(.ARM.Collect$$libinit$$0000001D)
    __rt_lib_init_clock_1                    0x0800018f   Thumb Code     0  libinit2.o(.ARM.Collect$$libinit$$00000023)
    __rt_lib_init_cpp_1                      0x0800018f   Thumb Code     0  libinit2.o(.ARM.Collect$$libinit$$00000034)
    __rt_lib_init_exceptions_1               0x0800018f   Thumb Code     0  libinit2.o(.ARM.Collect$$libinit$$00000032)
    __rt_lib_init_fp_1                       0x0800018f   Thumb Code     0  libinit2.o(.ARM.Collect$$libinit$$00000002)
    __rt_lib_init_fp_trap_1                  0x0800018f   Thumb Code     0  libinit2.o(.ARM.Collect$$libinit$$00000021)
    __rt_lib_init_getenv_1                   0x0800018f   Thumb Code     0  libinit2.o(.ARM.Collect$$libinit$$00000025)
    __rt_lib_init_heap_1                     0x0800018f   Thumb Code     0  libinit2.o(.ARM.Collect$$libinit$$0000000C)
    __rt_lib_init_lc_collate_1               0x0800018f   Thumb Code     0  libinit2.o(.ARM.Collect$$libinit$$00000013)
    __rt_lib_init_lc_ctype_1                 0x0800018f   Thumb Code     0  libinit2.o(.ARM.Collect$$libinit$$00000015)
    __rt_lib_init_lc_monetary_1              0x0800018f   Thumb Code     0  libinit2.o(.ARM.Collect$$libinit$$00000017)
    __rt_lib_init_lc_numeric_1               0x0800018f   Thumb Code     0  libinit2.o(.ARM.Collect$$libinit$$00000019)
    __rt_lib_init_lc_time_1                  0x0800018f   Thumb Code     0  libinit2.o(.ARM.Collect$$libinit$$0000001B)
    __rt_lib_init_preinit_1                  0x0800018f   Thumb Code     0  libinit2.o(.ARM.Collect$$libinit$$00000006)
    __rt_lib_init_rand_1                     0x0800018f   Thumb Code     0  libinit2.o(.ARM.Collect$$libinit$$00000010)
    __rt_lib_init_relocate_pie_1             0x0800018f   Thumb Code     0  libinit2.o(.ARM.Collect$$libinit$$00000004)
    __rt_lib_init_return                     0x0800018f   Thumb Code     0  libinit2.o(.ARM.Collect$$libinit$$00000035)
    __rt_lib_init_signal_1                   0x0800018f   Thumb Code     0  libinit2.o(.ARM.Collect$$libinit$$0000001F)
    __rt_lib_init_stdio_1                    0x0800018f   Thumb Code     0  libinit2.o(.ARM.Collect$$libinit$$00000027)
    __rt_lib_init_user_alloc_1               0x0800018f   Thumb Code     0  libinit2.o(.ARM.Collect$$libinit$$0000000E)
    __rt_lib_shutdown                        0x08000191   Thumb Code     0  libshutdown.o(.ARM.Collect$$libshutdown$$00000000)
    __rt_lib_shutdown_cpp_1                  0x08000193   Thumb Code     0  libshutdown2.o(.ARM.Collect$$libshutdown$$00000002)
    __rt_lib_shutdown_fp_trap_1              0x08000193   Thumb Code     0  libshutdown2.o(.ARM.Collect$$libshutdown$$00000007)
    __rt_lib_shutdown_heap_1                 0x08000193   Thumb Code     0  libshutdown2.o(.ARM.Collect$$libshutdown$$0000000F)
    __rt_lib_shutdown_return                 0x08000193   Thumb Code     0  libshutdown2.o(.ARM.Collect$$libshutdown$$00000010)
    __rt_lib_shutdown_signal_1               0x08000193   Thumb Code     0  libshutdown2.o(.ARM.Collect$$libshutdown$$0000000A)
    __rt_lib_shutdown_stdio_1                0x08000193   Thumb Code     0  libshutdown2.o(.ARM.Collect$$libshutdown$$00000004)
    __rt_lib_shutdown_user_alloc_1           0x08000193   Thumb Code     0  libshutdown2.o(.ARM.Collect$$libshutdown$$0000000C)
    __rt_entry                               0x08000195   Thumb Code     0  __rtentry.o(.ARM.Collect$$rtentry$$00000000)
    __rt_entry_presh_1                       0x08000195   Thumb Code     0  __rtentry2.o(.ARM.Collect$$rtentry$$00000002)
    __rt_entry_sh                            0x08000195   Thumb Code     0  __rtentry4.o(.ARM.Collect$$rtentry$$00000004)
    __rt_entry_li                            0x0800019b   Thumb Code     0  __rtentry2.o(.ARM.Collect$$rtentry$$0000000A)
    __rt_entry_postsh_1                      0x0800019b   Thumb Code     0  __rtentry2.o(.ARM.Collect$$rtentry$$00000009)
    __rt_entry_main                          0x0800019f   Thumb Code     0  __rtentry2.o(.ARM.Collect$$rtentry$$0000000D)
    __rt_entry_postli_1                      0x0800019f   Thumb Code     0  __rtentry2.o(.ARM.Collect$$rtentry$$0000000C)
    __rt_exit                                0x080001a7   Thumb Code     0  rtexit.o(.ARM.Collect$$rtexit$$00000000)
    __rt_exit_ls                             0x080001a9   Thumb Code     0  rtexit2.o(.ARM.Collect$$rtexit$$00000003)
    __rt_exit_prels_1                        0x080001a9   Thumb Code     0  rtexit2.o(.ARM.Collect$$rtexit$$00000002)
    __rt_exit_exit                           0x080001ad   Thumb Code     0  rtexit2.o(.ARM.Collect$$rtexit$$00000004)
    Reset_Handler                            0x080001b5   Thumb Code     8  startup_stm32f103xb.o(.text)
    ADC1_2_IRQHandler                        0x080001cf   Thumb Code     0  startup_stm32f103xb.o(.text)
    CAN1_RX1_IRQHandler                      0x080001cf   Thumb Code     0  startup_stm32f103xb.o(.text)
    CAN1_SCE_IRQHandler                      0x080001cf   Thumb Code     0  startup_stm32f103xb.o(.text)
    DMA1_Channel1_IRQHandler                 0x080001cf   Thumb Code     0  startup_stm32f103xb.o(.text)
    DMA1_Channel2_IRQHandler                 0x080001cf   Thumb Code     0  startup_stm32f103xb.o(.text)
    DMA1_Channel3_IRQHandler                 0x080001cf   Thumb Code     0  startup_stm32f103xb.o(.text)
    DMA1_Channel4_IRQHandler                 0x080001cf   Thumb Code     0  startup_stm32f103xb.o(.text)
    DMA1_Channel5_IRQHandler                 0x080001cf   Thumb Code     0  startup_stm32f103xb.o(.text)
    DMA1_Channel6_IRQHandler                 0x080001cf   Thumb Code     0  startup_stm32f103xb.o(.text)
    DMA1_Channel7_IRQHandler                 0x080001cf   Thumb Code     0  startup_stm32f103xb.o(.text)
    EXTI15_10_IRQHandler                     0x080001cf   Thumb Code     0  startup_stm32f103xb.o(.text)
    EXTI1_IRQHandler                         0x080001cf   Thumb Code     0  startup_stm32f103xb.o(.text)
    EXTI2_IRQHandler                         0x080001cf   Thumb Code     0  startup_stm32f103xb.o(.text)
    EXTI3_IRQHandler                         0x080001cf   Thumb Code     0  startup_stm32f103xb.o(.text)
    EXTI4_IRQHandler                         0x080001cf   Thumb Code     0  startup_stm32f103xb.o(.text)
    EXTI9_5_IRQHandler                       0x080001cf   Thumb Code     0  startup_stm32f103xb.o(.text)
    FLASH_IRQHandler                         0x080001cf   Thumb Code     0  startup_stm32f103xb.o(.text)
    I2C1_ER_IRQHandler                       0x080001cf   Thumb Code     0  startup_stm32f103xb.o(.text)
    I2C1_EV_IRQHandler                       0x080001cf   Thumb Code     0  startup_stm32f103xb.o(.text)
    I2C2_ER_IRQHandler                       0x080001cf   Thumb Code     0  startup_stm32f103xb.o(.text)
    I2C2_EV_IRQHandler                       0x080001cf   Thumb Code     0  startup_stm32f103xb.o(.text)
    PVD_IRQHandler                           0x080001cf   Thumb Code     0  startup_stm32f103xb.o(.text)
    RCC_IRQHandler                           0x080001cf   Thumb Code     0  startup_stm32f103xb.o(.text)
    RTC_Alarm_IRQHandler                     0x080001cf   Thumb Code     0  startup_stm32f103xb.o(.text)
    RTC_IRQHandler                           0x080001cf   Thumb Code     0  startup_stm32f103xb.o(.text)
    SPI1_IRQHandler                          0x080001cf   Thumb Code     0  startup_stm32f103xb.o(.text)
    SPI2_IRQHandler                          0x080001cf   Thumb Code     0  startup_stm32f103xb.o(.text)
    TAMPER_IRQHandler                        0x080001cf   Thumb Code     0  startup_stm32f103xb.o(.text)
    TIM1_BRK_IRQHandler                      0x080001cf   Thumb Code     0  startup_stm32f103xb.o(.text)
    TIM1_CC_IRQHandler                       0x080001cf   Thumb Code     0  startup_stm32f103xb.o(.text)
    TIM1_TRG_COM_IRQHandler                  0x080001cf   Thumb Code     0  startup_stm32f103xb.o(.text)
    TIM1_UP_IRQHandler                       0x080001cf   Thumb Code     0  startup_stm32f103xb.o(.text)
    TIM2_IRQHandler                          0x080001cf   Thumb Code     0  startup_stm32f103xb.o(.text)
    TIM4_IRQHandler                          0x080001cf   Thumb Code     0  startup_stm32f103xb.o(.text)
    USART3_IRQHandler                        0x080001cf   Thumb Code     0  startup_stm32f103xb.o(.text)
    USBWakeUp_IRQHandler                     0x080001cf   Thumb Code     0  startup_stm32f103xb.o(.text)
    USB_HP_CAN1_TX_IRQHandler                0x080001cf   Thumb Code     0  startup_stm32f103xb.o(.text)
    USB_LP_CAN1_RX0_IRQHandler               0x080001cf   Thumb Code     0  startup_stm32f103xb.o(.text)
    WWDG_IRQHandler                          0x080001cf   Thumb Code     0  startup_stm32f103xb.o(.text)
    __user_initial_stackheap                 0x080001d1   Thumb Code     0  startup_stm32f103xb.o(.text)
    __aeabi_memclr                           0x080001f5   Thumb Code     0  rt_memclr.o(.text)
    __rt_memclr                              0x080001f5   Thumb Code     0  rt_memclr.o(.text)
    _memset                                  0x080001f9   Thumb Code    64  rt_memclr.o(.text)
    __use_two_region_memory                  0x08000239   Thumb Code     2  heapauxi.o(.text)
    __rt_heap_escrow$2region                 0x0800023b   Thumb Code     2  heapauxi.o(.text)
    __rt_heap_expand$2region                 0x0800023d   Thumb Code     2  heapauxi.o(.text)
    __aeabi_memclr4                          0x0800023f   Thumb Code     0  rt_memclr_w.o(.text)
    __aeabi_memclr8                          0x0800023f   Thumb Code     0  rt_memclr_w.o(.text)
    __rt_memclr_w                            0x0800023f   Thumb Code     0  rt_memclr_w.o(.text)
    _memset_w                                0x08000243   Thumb Code    74  rt_memclr_w.o(.text)
    __user_setup_stackheap                   0x0800028d   Thumb Code    74  sys_stackheap_outer.o(.text)
    exit                                     0x080002d7   Thumb Code    18  exit.o(.text)
    __user_libspace                          0x080002e9   Thumb Code     8  libspace.o(.text)
    __user_perproc_libspace                  0x080002e9   Thumb Code     0  libspace.o(.text)
    __user_perthread_libspace                0x080002e9   Thumb Code     0  libspace.o(.text)
    _sys_exit                                0x080002f1   Thumb Code     8  sys_exit.o(.text)
    __I$use$semihosting                      0x080002fd   Thumb Code     0  use_no_semi.o(.text)
    __use_no_semihosting_swi                 0x080002fd   Thumb Code     2  use_no_semi.o(.text)
    ADC_Init                                 0x080002ff   Thumb Code    86  adc.o(.text.ADC_Init)
    __semihosting_library_function           0x080002ff   Thumb Code     0  indicate_semi.o(.text)
    BusFault_Handler                         0x08000355   Thumb Code     2  stm32f1xx_it.o(.text.BusFault_Handler)
    DebugMon_Handler                         0x08000357   Thumb Code     2  stm32f1xx_it.o(.text.DebugMon_Handler)
    EXTI0_IRQHandler                         0x08000359   Thumb Code    58  main.o(.text.EXTI0_IRQHandler)
    Endgame                                  0x08000393   Thumb Code    42  spaceinvaders.o(.text.Endgame)
    HAL_Delay                                0x080003bd   Thumb Code    40  stm32f1xx_hal.o(.text.HAL_Delay)
    HAL_GPIO_Init                            0x080003e5   Thumb Code   496  stm32f1xx_hal_gpio.o(.text.HAL_GPIO_Init)
    HAL_GPIO_WritePin                        0x080005d5   Thumb Code    10  stm32f1xx_hal_gpio.o(.text.HAL_GPIO_WritePin)
    HAL_GetTick                              0x080005df   Thumb Code    12  stm32f1xx_hal.o(.text.HAL_GetTick)
    HAL_IncTick                              0x080005eb   Thumb Code    26  stm32f1xx_hal.o(.text.HAL_IncTick)
    HAL_Init                                 0x08000605   Thumb Code    38  stm32f1xx_hal.o(.text.HAL_Init)
    HAL_InitTick                             0x0800062b   Thumb Code    80  stm32f1xx_hal.o(.text.HAL_InitTick)
    HAL_MspInit                              0x0800067b   Thumb Code    66  stm32f1xx_hal_msp.o(.text.HAL_MspInit)
    HAL_NVIC_SetPriority                     0x080006bd   Thumb Code    86  stm32f1xx_hal_cortex.o(.text.HAL_NVIC_SetPriority)
    HAL_NVIC_SetPriorityGrouping             0x08000713   Thumb Code    32  stm32f1xx_hal_cortex.o(.text.HAL_NVIC_SetPriorityGrouping)
    HAL_SPI_Init                             0x08000733   Thumb Code   168  stm32f1xx_hal_spi.o(.text.HAL_SPI_Init)
    HAL_SPI_MspInit                          0x080007db   Thumb Code   102  stm32f1xx_hal_msp.o(.text.HAL_SPI_MspInit)
    HAL_SPI_Transmit                         0x08000841   Thumb Code   382  stm32f1xx_hal_spi.o(.text.HAL_SPI_Transmit)
    HAL_SYSTICK_Config                       0x080009bf   Thumb Code    44  stm32f1xx_hal_cortex.o(.text.HAL_SYSTICK_Config)
    HardFault_Handler                        0x080009ed   Thumb Code     2  stm32f1xx_it.o(.text.HardFault_Handler)
    IO_Init                                  0x080009ef   Thumb Code   178  io.o(.text.IO_Init)
    Initbullet                               0x08000aa1   Thumb Code    26  spaceinvaders.o(.text.Initbullet)
    MemManage_Handler                        0x08000abd   Thumb Code     2  stm32f1xx_it.o(.text.MemManage_Handler)
    NMI_Handler                              0x08000ac1   Thumb Code     2  stm32f1xx_it.o(.text.NMI_Handler)
    PLL_Init                                 0x08000ac5   Thumb Code    88  pll.o(.text.PLL_Init)
    PendSV_Handler                           0x08000b1d   Thumb Code     2  stm32f1xx_it.o(.text.PendSV_Handler)
    Random                                   0x08000b1f   Thumb Code    36  random.o(.text.Random)
    Random_Init                              0x08000b43   Thumb Code    12  random.o(.text.Random_Init)
    Random_UpdateSeed                        0x08000b4f   Thumb Code    12  random.o(.text.Random_UpdateSeed)
    ST7735_Backlight_On                      0x08000c21   Thumb Code    18  st7735.o(.text.ST7735_Backlight_On)
    ST7735_DrawCircle                        0x08000c35   Thumb Code   304  st7735.o(.text.ST7735_DrawCircle)
    ST7735_DrawCircleHelper                  0x08000d65   Thumb Code   260  st7735.o(.text.ST7735_DrawCircleHelper)
    ST7735_DrawFastHLine                     0x08000e69   Thumb Code    86  st7735.o(.text.ST7735_DrawFastHLine)
    ST7735_DrawFastVLine                     0x08000ebf   Thumb Code    86  st7735.o(.text.ST7735_DrawFastVLine)
    ST7735_DrawImage                         0x08000f15   Thumb Code   180  st7735.o(.text.ST7735_DrawImage)
    ST7735_DrawLine                          0x08000fc9   Thumb Code   166  st7735.o(.text.ST7735_DrawLine)
    ST7735_DrawPixel                         0x0800106f   Thumb Code   146  st7735.o(.text.ST7735_DrawPixel)
    ST7735_DrawRoundRect                     0x08001101   Thumb Code   188  st7735.o(.text.ST7735_DrawRoundRect)
    ST7735_DrawString                        0x080011bd   Thumb Code   368  st7735.o(.text.ST7735_DrawString)
    ST7735_FillCircleHelper                  0x080013bd   Thumb Code   220  st7735.o(.text.ST7735_FillCircleHelper)
    ST7735_FillRectangle                     0x08001499   Thumb Code   216  st7735.o(.text.ST7735_FillRectangle)
    ST7735_FillRoundRect                     0x08001571   Thumb Code   102  st7735.o(.text.ST7735_FillRoundRect)
    ST7735_FillScreen                        0x080015d7   Thumb Code    68  st7735.o(.text.ST7735_FillScreen)
    ST7735_Init                              0x0800161b   Thumb Code   104  st7735.o(.text.ST7735_Init)
    SVC_Handler                              0x0800175f   Thumb Code     2  stm32f1xx_it.o(.text.SVC_Handler)
    SysTick_Handler                          0x08001761   Thumb Code     4  stm32f1xx_it.o(.text.SysTick_Handler)
    SysTick_Init                             0x08001765   Thumb Code    24  systick.o(.text.SysTick_Init)
    SystemInit                               0x0800177d   Thumb Code     2  system_stm32f1xx.o(.text.SystemInit)
    TIM3_IRQHandler                          0x0800177f   Thumb Code    70  timer.o(.text.TIM3_IRQHandler)
    Timer3A_Init                             0x080017c5   Thumb Code   106  timer.o(.text.Timer3A_Init)
    UART1_Init                               0x0800182f   Thumb Code   148  uart.o(.text.UART1_Init)
    UART1_SendString                         0x080018c5   Thumb Code    70  uart.o(.text.UART1_SendString)
    UART2_Init                               0x0800190b   Thumb Code   148  uart.o(.text.UART2_Init)
    UART2_SendString                         0x080019a1   Thumb Code    86  uart.o(.text.UART2_SendString)
    USART1_IRQHandler                        0x080019f7   Thumb Code   162  uart.o(.text.USART1_IRQHandler)
    USART2_IRQHandler                        0x08001a99   Thumb Code   162  uart.o(.text.USART2_IRQHandler)
    UsageFault_Handler                       0x08001b3d   Thumb Code     2  stm32f1xx_it.o(.text.UsageFault_Handler)
    animateFillRoundRect                     0x08001b3f   Thumb Code    68  spaceinvaders.o(.text.animateFillRoundRect)
    background                               0x08001b83   Thumb Code   182  spaceinvaders.o(.text.background)
    battleshipBulletInit                     0x08001c39   Thumb Code   102  spaceinvaders.o(.text.battleshipBulletInit)
    battleshipBulletMove                     0x08001c9f   Thumb Code   108  spaceinvaders.o(.text.battleshipBulletMove)
    battleshipBulletMove_1                   0x08001d0b   Thumb Code   108  spaceinvaders.o(.text.battleshipBulletMove_1)
    battleshipBulletMove_2                   0x08001d77   Thumb Code   112  spaceinvaders.o(.text.battleshipBulletMove_2)
    battleshipInit_1                         0x08001de7   Thumb Code    26  spaceinvaders.o(.text.battleshipInit_1)
    battleshipMove                           0x08001e01   Thumb Code   100  spaceinvaders.o(.text.battleshipMove)
    battleshipMove_2                         0x08001e65   Thumb Code   134  spaceinvaders.o(.text.battleshipMove_2)
    changestate                              0x08001eeb   Thumb Code    54  spaceinvaders.o(.text.changestate)
    dynamic_hole                             0x08001f21   Thumb Code   152  spaceinvaders.o(.text.dynamic_hole)
    dynamic_hole_1                           0x08001fb9   Thumb Code   152  spaceinvaders.o(.text.dynamic_hole_1)
    dynamic_hole_2                           0x08002051   Thumb Code   152  spaceinvaders.o(.text.dynamic_hole_2)
    dynamic_hole_3                           0x080020e9   Thumb Code   152  spaceinvaders.o(.text.dynamic_hole_3)
    dynamic_hole_4                           0x08002181   Thumb Code   152  spaceinvaders.o(.text.dynamic_hole_4)
    dynamic_hole_5                           0x08002219   Thumb Code   152  spaceinvaders.o(.text.dynamic_hole_5)
    init_fire                                0x080022b1   Thumb Code    48  spaceinvaders.o(.text.init_fire)
    init_water                               0x080022e1   Thumb Code    52  spaceinvaders.o(.text.init_water)
    main                                     0x08002315   Thumb Code  1188  main.o(.text.main)
    menu                                     0x080027d1   Thumb Code   272  spaceinvaders.o(.text.menu)
    menu_loading                             0x08002919   Thumb Code   156  spaceinvaders.o(.text.menu_loading)
    move_fire                                0x080029b5   Thumb Code   232  spaceinvaders.o(.text.move_fire)
    move_water                               0x08002a9d   Thumb Code   228  spaceinvaders.o(.text.move_water)
    recover_fire                             0x08002b81   Thumb Code    22  spaceinvaders.o(.text.recover_fire)
    recover_water                            0x08002b97   Thumb Code    26  spaceinvaders.o(.text.recover_water)
    spacestones                              0x08002bb1   Thumb Code    56  spaceinvaders.o(.text.spacestones)
    spriteInit                               0x08002be9   Thumb Code   122  spaceinvaders.o(.text.spriteInit)
    spriteMove                               0x08002c63   Thumb Code  1664  spaceinvaders.o(.text.spriteMove)
    stars_vip                                0x080032e5   Thumb Code    56  spaceinvaders.o(.text.stars_vip)
    stars_walk_1                             0x0800331d   Thumb Code    98  spaceinvaders.o(.text.stars_walk_1)
    stars_walk_2                             0x0800337f   Thumb Code   116  spaceinvaders.o(.text.stars_walk_2)
    stars_walk_3                             0x080033f3   Thumb Code    98  spaceinvaders.o(.text.stars_walk_3)
    stars_walk_4                             0x08003455   Thumb Code   112  spaceinvaders.o(.text.stars_walk_4)
    __aeabi_d2uiz                            0x080034c5   Thumb Code     0  dfixu.o(x$fpl$dfixu)
    _dfixu                                   0x080034c5   Thumb Code    90  dfixu.o(x$fpl$dfixu)
    __aeabi_ui2d                             0x0800351f   Thumb Code     0  dflt_clz.o(x$fpl$dfltu)
    _dfltu                                   0x0800351f   Thumb Code    38  dflt_clz.o(x$fpl$dfltu)
    __aeabi_dmul                             0x08003545   Thumb Code     0  dmul.o(x$fpl$dmul)
    _dmul                                    0x08003545   Thumb Code   332  dmul.o(x$fpl$dmul)
    __fpl_dnaninf                            0x08003699   Thumb Code   156  dnaninf.o(x$fpl$dnaninf)
    __fpl_dretinf                            0x08003735   Thumb Code    12  dretinf.o(x$fpl$dretinf)
    __aeabi_f2iz                             0x08003741   Thumb Code     0  ffix.o(x$fpl$ffix)
    _ffix                                    0x08003741   Thumb Code    54  ffix.o(x$fpl$ffix)
    __fpl_fnaninf                            0x08003777   Thumb Code   140  fnaninf.o(x$fpl$fnaninf)
    __I$use$fp                               0x08003802   Number         0  usenofp.o(x$fpl$usenofp)
    battleship_img_1                         0x08003f6e   Data        2248  image.o(.rodata.battleship_img_1)
    bullet                                   0x08004836   Data          56  image.o(.rodata.bullet)
    gImage_EDABK_logo                        0x0800486e   Data        5008  image.o(.rodata.gImage_EDABK_logo)
    gImage_Fire                              0x08005bfe   Data        1658  image.o(.rodata.gImage_Fire)
    gImage_Hamster                           0x08006278   Data         768  image.o(.rodata.gImage_Hamster)
    gImage_chicken                           0x08006578   Data        1358  image.o(.rodata.gImage_chicken)
    gImage_dino                              0x08006ac6   Data         908  image.o(.rodata.gImage_dino)
    gImage_fire_bullet                       0x08006e52   Data         348  image.o(.rodata.gImage_fire_bullet)
    gImage_hole                              0x08006fae   Data        1808  image.o(.rodata.gImage_hole)
    gImage_planet_1                          0x080076be   Data        4908  image.o(.rodata.gImage_planet_1)
    gImage_planet_2                          0x080089ea   Data        3128  image.o(.rodata.gImage_planet_2)
    gImage_saobang                           0x08009622   Data        1158  image.o(.rodata.gImage_saobang)
    gImage_spacestones                       0x08009aa8   Data        1388  image.o(.rodata.gImage_spacestones)
    gImage_stars                             0x0800a014   Data         728  image.o(.rodata.gImage_stars)
    gImage_stars_vip                         0x0800a2ec   Data          92  image.o(.rodata.gImage_stars_vip)
    gImage_water                             0x0800a348   Data        1208  image.o(.rodata.gImage_water)
    gImage_water_bullet                      0x0800a800   Data         586  image.o(.rodata.gImage_water_bullet)
    Region$$Table$$Base                      0x0800cc90   Number         0  anon$$obj.o(Region$$Table)
    Region$$Table$$Limit                     0x0800ccb0   Number         0  anon$$obj.o(Region$$Table)
    Font_7x10                                0x20000000   Data           8  fonts.o(.data.Font_7x10)
    SystemCoreClock                          0x20000008   Data           4  system_stm32f1xx.o(.data.SystemCoreClock)
    angle1                                   0x2000000c   Data           4  spaceinvaders.o(.data.angle1)
    angle2                                   0x20000010   Data           4  spaceinvaders.o(.data.angle2)
    angle3                                   0x20000014   Data           4  spaceinvaders.o(.data.angle3)
    angle4                                   0x20000018   Data           4  spaceinvaders.o(.data.angle4)
    angle5                                   0x2000001c   Data           4  spaceinvaders.o(.data.angle5)
    clear                                    0x20000020   Data           1  spaceinvaders.o(.data.clear)
    current_fill_level                       0x20000022   Data           2  spaceinvaders.o(.data.current_fill_level)
    dynamic_stars_x_2                        0x20000024   Data           1  spaceinvaders.o(.data.dynamic_stars_x_2)
    dynamic_stars_x_3                        0x20000025   Data           1  spaceinvaders.o(.data.dynamic_stars_x_3)
    dynamic_stars_x_4                        0x20000026   Data           1  spaceinvaders.o(.data.dynamic_stars_x_4)
    dynamic_stars_y_2                        0x20000027   Data           1  spaceinvaders.o(.data.dynamic_stars_y_2)
    dynamic_stars_y_4                        0x20000028   Data           1  spaceinvaders.o(.data.dynamic_stars_y_4)
    fill_flag                                0x20000029   Data           1  main.o(.data.fill_flag)
    fill_flag_1                              0x2000002a   Data           1  main.o(.data.fill_flag_1)
    uwTickFreq                               0x2000002b   Data           1  stm32f1xx_hal.o(.data.uwTickFreq)
    uwTickPrio                               0x2000002c   Data           4  stm32f1xx_hal.o(.data.uwTickPrio)
    y_menu                                   0x20000030   Data           1  spaceinvaders.o(.data.y_menu)
    __libspace_start                         0x20000038   Data          96  libspace.o(.bss)
    ADCData                                  0x20000098   Data           2  timer.o(.bss.ADCData)
    __temporary_stack_top$libspace           0x20000098   Data           0  libspace.o(.bss)
    ADCData_2                                0x2000009a   Data           2  uart.o(.bss.ADCData_2)
    ADCstatus                                0x2000009c   Data           1  timer.o(.bss.ADCstatus)
    Hamster                                  0x200000a0   Data          36  spaceinvaders.o(.bss.Hamster)
    angle                                    0x200000cc   Data           4  spaceinvaders.o(.bss.angle)
    battleship_1                             0x200000d0   Data          76  main.o(.bss.battleship_1)
    battleship_2                             0x2000011c   Data          76  main.o(.bss.battleship_2)
    chicken                                  0x20000168   Data          36  spaceinvaders.o(.bss.chicken)
    count                                    0x2000018c   Data           1  spaceinvaders.o(.bss.count)
    count1                                   0x20000190   Data           4  main.o(.bss.count1)
    countGenItem                             0x20000194   Data           1  main.o(.bss.countGenItem)
    countGenWaterItem                        0x20000195   Data           1  main.o(.bss.countGenWaterItem)
    count_Hamster                            0x20000196   Data           1  spaceinvaders.o(.bss.count_Hamster)
    count_chicken                            0x20000197   Data           1  spaceinvaders.o(.bss.count_chicken)
    dynamic_stars_x_1                        0x20000198   Data           1  spaceinvaders.o(.bss.dynamic_stars_x_1)
    dynamic_stars_y_1                        0x20000199   Data           1  spaceinvaders.o(.bss.dynamic_stars_y_1)
    dynamic_stars_y_3                        0x2000019a   Data           1  spaceinvaders.o(.bss.dynamic_stars_y_3)
    fire                                     0x2000019c   Data          40  spaceinvaders.o(.bss.fire)
    flag                                     0x200001c4   Data           1  spaceinvaders.o(.bss.flag)
    flag_Hamster                             0x200001c5   Data           1  spaceinvaders.o(.bss.flag_Hamster)
    flag_chicken                             0x200001c6   Data           1  spaceinvaders.o(.bss.flag_chicken)
    game_start                               0x200001c7   Data           1  main.o(.bss.game_start)
    hspi1                                    0x200001c8   Data          88  main.o(.bss.hspi1)
    init_ship                                0x20000220   Data           1  main.o(.bss.init_ship)
    menu_end                                 0x20000221   Data           1  main.o(.bss.menu_end)
    menu_start                               0x20000222   Data           1  main.o(.bss.menu_start)
    received_data                            0x20000223   Data           1  uart.o(.bss.received_data)
    received_data_2                          0x20000224   Data           1  uart.o(.bss.received_data_2)
    rx_buffer                                0x20000225   Data        1000  uart.o(.bss.rx_buffer)
    rx_buffer_2                              0x2000060d   Data        1000  uart.o(.bss.rx_buffer_2)
    rx_read                                  0x200009f5   Data           1  uart.o(.bss.rx_read)
    rx_read_2                                0x200009f6   Data           1  uart.o(.bss.rx_read_2)
    rx_write                                 0x200009f7   Data           1  uart.o(.bss.rx_write)
    rx_write_2                               0x200009f8   Data           1  uart.o(.bss.rx_write_2)
    spacestone_x                             0x200009f9   Data           3  spaceinvaders.o(.bss.spacestone_x)
    spacestone_y                             0x200009fc   Data           3  spaceinvaders.o(.bss.spacestone_y)
    sprite                                   0x20000a00   Data          36  spaceinvaders.o(.bss.sprite)
    stars_vip_x                              0x20000a24   Data          12  spaceinvaders.o(.bss.stars_vip_x)
    stars_vip_y                              0x20000a30   Data          12  spaceinvaders.o(.bss.stars_vip_y)
    tx_buffer                                0x20000a3c   Data        1000  uart.o(.bss.tx_buffer)
    tx_buffer_2                              0x20000e24   Data        1000  uart.o(.bss.tx_buffer_2)
    tx_read                                  0x2000120c   Data           1  uart.o(.bss.tx_read)
    tx_read_2                                0x2000120d   Data           1  uart.o(.bss.tx_read_2)
    tx_write                                 0x2000120e   Data           1  uart.o(.bss.tx_write)
    tx_write_2                               0x2000120f   Data           1  uart.o(.bss.tx_write_2)
    uart_received                            0x20001210   Data           1  uart.o(.bss.uart_received)
    uart_received_2                          0x20001211   Data           1  uart.o(.bss.uart_received_2)
    uwTick                                   0x20001214   Data           4  stm32f1xx_hal.o(.bss.uwTick)
    water                                    0x20001218   Data          40  spaceinvaders.o(.bss.water)



==============================================================================

Memory Map of the image

  Image Entry point : 0x080000ed

  Load Region LR_IROM1 (Base: 0x08000000, Size: 0x0000cce8, Max: 0x00010000, ABSOLUTE)

    Execution Region ER_IROM1 (Exec base: 0x08000000, Load base: 0x08000000, Size: 0x0000ccb0, Max: 0x00010000, ABSOLUTE)

    Exec Addr    Load Addr    Size         Type   Attr      Idx    E Section Name        Object

    0x08000000   0x08000000   0x000000ec   Data   RO            3    RESET               startup_stm32f103xb.o
    0x080000ec   0x080000ec   0x00000008   Code   RO          970  * !!!main             c_w.l(__main.o)
    0x080000f4   0x080000f4   0x0000005c   Code   RO         1160    !!!scatter          c_w.l(__scatter.o)
    0x08000150   0x08000150   0x0000001a   Code   RO         1164    !!handler_copy      c_w.l(__scatter_copy.o)
    0x0800016a   0x0800016a   0x00000002   PAD
    0x0800016c   0x0800016c   0x00000002   Code   RO         1161    !!handler_null      c_w.l(__scatter.o)
    0x0800016e   0x0800016e   0x00000002   PAD
    0x08000170   0x08000170   0x0000001c   Code   RO         1166    !!handler_zi        c_w.l(__scatter_zi.o)
    0x0800018c   0x0800018c   0x00000002   Code   RO         1022    .ARM.Collect$$libinit$$00000000  c_w.l(libinit.o)
    0x0800018e   0x0800018e   0x00000000   Code   RO         1029    .ARM.Collect$$libinit$$00000002  c_w.l(libinit2.o)
    0x0800018e   0x0800018e   0x00000000   Code   RO         1031    .ARM.Collect$$libinit$$00000004  c_w.l(libinit2.o)
    0x0800018e   0x0800018e   0x00000000   Code   RO         1033    .ARM.Collect$$libinit$$00000006  c_w.l(libinit2.o)
    0x0800018e   0x0800018e   0x00000000   Code   RO         1036    .ARM.Collect$$libinit$$0000000C  c_w.l(libinit2.o)
    0x0800018e   0x0800018e   0x00000000   Code   RO         1038    .ARM.Collect$$libinit$$0000000E  c_w.l(libinit2.o)
    0x0800018e   0x0800018e   0x00000000   Code   RO         1040    .ARM.Collect$$libinit$$00000010  c_w.l(libinit2.o)
    0x0800018e   0x0800018e   0x00000000   Code   RO         1043    .ARM.Collect$$libinit$$00000013  c_w.l(libinit2.o)
    0x0800018e   0x0800018e   0x00000000   Code   RO         1045    .ARM.Collect$$libinit$$00000015  c_w.l(libinit2.o)
    0x0800018e   0x0800018e   0x00000000   Code   RO         1047    .ARM.Collect$$libinit$$00000017  c_w.l(libinit2.o)
    0x0800018e   0x0800018e   0x00000000   Code   RO         1049    .ARM.Collect$$libinit$$00000019  c_w.l(libinit2.o)
    0x0800018e   0x0800018e   0x00000000   Code   RO         1051    .ARM.Collect$$libinit$$0000001B  c_w.l(libinit2.o)
    0x0800018e   0x0800018e   0x00000000   Code   RO         1053    .ARM.Collect$$libinit$$0000001D  c_w.l(libinit2.o)
    0x0800018e   0x0800018e   0x00000000   Code   RO         1055    .ARM.Collect$$libinit$$0000001F  c_w.l(libinit2.o)
    0x0800018e   0x0800018e   0x00000000   Code   RO         1057    .ARM.Collect$$libinit$$00000021  c_w.l(libinit2.o)
    0x0800018e   0x0800018e   0x00000000   Code   RO         1059    .ARM.Collect$$libinit$$00000023  c_w.l(libinit2.o)
    0x0800018e   0x0800018e   0x00000000   Code   RO         1061    .ARM.Collect$$libinit$$00000025  c_w.l(libinit2.o)
    0x0800018e   0x0800018e   0x00000000   Code   RO         1063    .ARM.Collect$$libinit$$00000027  c_w.l(libinit2.o)
    0x0800018e   0x0800018e   0x00000000   Code   RO         1067    .ARM.Collect$$libinit$$0000002E  c_w.l(libinit2.o)
    0x0800018e   0x0800018e   0x00000000   Code   RO         1069    .ARM.Collect$$libinit$$00000030  c_w.l(libinit2.o)
    0x0800018e   0x0800018e   0x00000000   Code   RO         1071    .ARM.Collect$$libinit$$00000032  c_w.l(libinit2.o)
    0x0800018e   0x0800018e   0x00000000   Code   RO         1073    .ARM.Collect$$libinit$$00000034  c_w.l(libinit2.o)
    0x0800018e   0x0800018e   0x00000002   Code   RO         1074    .ARM.Collect$$libinit$$00000035  c_w.l(libinit2.o)
    0x08000190   0x08000190   0x00000002   Code   RO         1096    .ARM.Collect$$libshutdown$$00000000  c_w.l(libshutdown.o)
    0x08000192   0x08000192   0x00000000   Code   RO         1111    .ARM.Collect$$libshutdown$$00000002  c_w.l(libshutdown2.o)
    0x08000192   0x08000192   0x00000000   Code   RO         1113    .ARM.Collect$$libshutdown$$00000004  c_w.l(libshutdown2.o)
    0x08000192   0x08000192   0x00000000   Code   RO         1116    .ARM.Collect$$libshutdown$$00000007  c_w.l(libshutdown2.o)
    0x08000192   0x08000192   0x00000000   Code   RO         1119    .ARM.Collect$$libshutdown$$0000000A  c_w.l(libshutdown2.o)
    0x08000192   0x08000192   0x00000000   Code   RO         1121    .ARM.Collect$$libshutdown$$0000000C  c_w.l(libshutdown2.o)
    0x08000192   0x08000192   0x00000000   Code   RO         1124    .ARM.Collect$$libshutdown$$0000000F  c_w.l(libshutdown2.o)
    0x08000192   0x08000192   0x00000002   Code   RO         1125    .ARM.Collect$$libshutdown$$00000010  c_w.l(libshutdown2.o)
    0x08000194   0x08000194   0x00000000   Code   RO          988    .ARM.Collect$$rtentry$$00000000  c_w.l(__rtentry.o)
    0x08000194   0x08000194   0x00000000   Code   RO          999    .ARM.Collect$$rtentry$$00000002  c_w.l(__rtentry2.o)
    0x08000194   0x08000194   0x00000006   Code   RO         1011    .ARM.Collect$$rtentry$$00000004  c_w.l(__rtentry4.o)
    0x0800019a   0x0800019a   0x00000000   Code   RO         1001    .ARM.Collect$$rtentry$$00000009  c_w.l(__rtentry2.o)
    0x0800019a   0x0800019a   0x00000004   Code   RO         1002    .ARM.Collect$$rtentry$$0000000A  c_w.l(__rtentry2.o)
    0x0800019e   0x0800019e   0x00000000   Code   RO         1004    .ARM.Collect$$rtentry$$0000000C  c_w.l(__rtentry2.o)
    0x0800019e   0x0800019e   0x00000008   Code   RO         1005    .ARM.Collect$$rtentry$$0000000D  c_w.l(__rtentry2.o)
    0x080001a6   0x080001a6   0x00000002   Code   RO         1026    .ARM.Collect$$rtexit$$00000000  c_w.l(rtexit.o)
    0x080001a8   0x080001a8   0x00000000   Code   RO         1076    .ARM.Collect$$rtexit$$00000002  c_w.l(rtexit2.o)
    0x080001a8   0x080001a8   0x00000004   Code   RO         1077    .ARM.Collect$$rtexit$$00000003  c_w.l(rtexit2.o)
    0x080001ac   0x080001ac   0x00000006   Code   RO         1078    .ARM.Collect$$rtexit$$00000004  c_w.l(rtexit2.o)
    0x080001b2   0x080001b2   0x00000002   PAD
    0x080001b4   0x080001b4   0x00000040   Code   RO            4    .text               startup_stm32f103xb.o
    0x080001f4   0x080001f4   0x00000044   Code   RO          966    .text               c_w.l(rt_memclr.o)
    0x08000238   0x08000238   0x00000006   Code   RO          968    .text               c_w.l(heapauxi.o)
    0x0800023e   0x0800023e   0x0000004e   Code   RO          989    .text               c_w.l(rt_memclr_w.o)
    0x0800028c   0x0800028c   0x0000004a   Code   RO         1013    .text               c_w.l(sys_stackheap_outer.o)
    0x080002d6   0x080002d6   0x00000012   Code   RO         1015    .text               c_w.l(exit.o)
    0x080002e8   0x080002e8   0x00000008   Code   RO         1023    .text               c_w.l(libspace.o)
    0x080002f0   0x080002f0   0x0000000c   Code   RO         1086    .text               c_w.l(sys_exit.o)
    0x080002fc   0x080002fc   0x00000002   Code   RO         1101    .text               c_w.l(use_no_semi.o)
    0x080002fe   0x080002fe   0x00000000   Code   RO         1103    .text               c_w.l(indicate_semi.o)
    0x080002fe   0x080002fe   0x00000056   Code   RO           96    .text.ADC_Init      adc.o
    0x08000354   0x08000354   0x00000002   Code   RO          447    .text.BusFault_Handler  stm32f1xx_it.o
    0x08000356   0x08000356   0x00000002   Code   RO          453    .text.DebugMon_Handler  stm32f1xx_it.o
    0x08000358   0x08000358   0x0000003a   Code   RO          414    .text.EXTI0_IRQHandler  main.o
    0x08000392   0x08000392   0x0000002a   Code   RO          259    .text.Endgame       spaceinvaders.o
    0x080003bc   0x080003bc   0x00000028   Code   RO          645    .text.HAL_Delay     stm32f1xx_hal.o
    0x080003e4   0x080003e4   0x000001f0   Code   RO          736    .text.HAL_GPIO_Init  stm32f1xx_hal_gpio.o
    0x080005d4   0x080005d4   0x0000000a   Code   RO          742    .text.HAL_GPIO_WritePin  stm32f1xx_hal_gpio.o
    0x080005de   0x080005de   0x0000000c   Code   RO          637    .text.HAL_GetTick   stm32f1xx_hal.o
    0x080005ea   0x080005ea   0x0000001a   Code   RO          635    .text.HAL_IncTick   stm32f1xx_hal.o
    0x08000604   0x08000604   0x00000026   Code   RO          625    .text.HAL_Init      stm32f1xx_hal.o
    0x0800062a   0x0800062a   0x00000050   Code   RO          627    .text.HAL_InitTick  stm32f1xx_hal.o
    0x0800067a   0x0800067a   0x00000042   Code   RO          466    .text.HAL_MspInit   stm32f1xx_hal_msp.o
    0x080006bc   0x080006bc   0x00000056   Code   RO          794    .text.HAL_NVIC_SetPriority  stm32f1xx_hal_cortex.o
    0x08000712   0x08000712   0x00000020   Code   RO          792    .text.HAL_NVIC_SetPriorityGrouping  stm32f1xx_hal_cortex.o
    0x08000732   0x08000732   0x000000a8   Code   RO          509    .text.HAL_SPI_Init  stm32f1xx_hal_spi.o
    0x080007da   0x080007da   0x00000066   Code   RO          468    .text.HAL_SPI_MspInit  stm32f1xx_hal_msp.o
    0x08000840   0x08000840   0x0000017e   Code   RO          517    .text.HAL_SPI_Transmit  stm32f1xx_hal_spi.o
    0x080009be   0x080009be   0x0000002c   Code   RO          804    .text.HAL_SYSTICK_Config  stm32f1xx_hal_cortex.o
    0x080009ea   0x080009ea   0x00000002   PAD
    0x080009ec   0x080009ec   0x00000002   Code   RO          443    .text.HardFault_Handler  stm32f1xx_it.o
    0x080009ee   0x080009ee   0x000000b2   Code   RO          131    .text.IO_Init       io.o
    0x08000aa0   0x08000aa0   0x0000001a   Code   RO          239    .text.Initbullet    spaceinvaders.o
    0x08000aba   0x08000aba   0x00000002   PAD
    0x08000abc   0x08000abc   0x00000002   Code   RO          445    .text.MemManage_Handler  stm32f1xx_it.o
    0x08000abe   0x08000abe   0x00000002   PAD
    0x08000ac0   0x08000ac0   0x00000002   Code   RO          441    .text.NMI_Handler   stm32f1xx_it.o
    0x08000ac2   0x08000ac2   0x00000002   PAD
    0x08000ac4   0x08000ac4   0x00000058   Code   RO          109    .text.PLL_Init      pll.o
    0x08000b1c   0x08000b1c   0x00000002   Code   RO          455    .text.PendSV_Handler  stm32f1xx_it.o
    0x08000b1e   0x08000b1e   0x00000024   Code   RO          349    .text.Random        random.o
    0x08000b42   0x08000b42   0x0000000c   Code   RO          343    .text.Random_Init   random.o
    0x08000b4e   0x08000b4e   0x0000000c   Code   RO          347    .text.Random_UpdateSeed  random.o
    0x08000b5a   0x08000b5a   0x00000002   PAD
    0x08000b5c   0x08000b5c   0x000000c4   Code   RO          615    .text.SPI_WaitFlagStateUntilTimeout  stm32f1xx_hal_spi.o
    0x08000c20   0x08000c20   0x00000012   Code   RO           42    .text.ST7735_Backlight_On  st7735.o
    0x08000c32   0x08000c32   0x00000002   PAD
    0x08000c34   0x08000c34   0x00000130   Code   RO           46    .text.ST7735_DrawCircle  st7735.o
    0x08000d64   0x08000d64   0x00000104   Code   RO           48    .text.ST7735_DrawCircleHelper  st7735.o
    0x08000e68   0x08000e68   0x00000056   Code   RO           60    .text.ST7735_DrawFastHLine  st7735.o
    0x08000ebe   0x08000ebe   0x00000056   Code   RO           52    .text.ST7735_DrawFastVLine  st7735.o
    0x08000f14   0x08000f14   0x000000b4   Code   RO           36    .text.ST7735_DrawImage  st7735.o
    0x08000fc8   0x08000fc8   0x000000a6   Code   RO           70    .text.ST7735_DrawLine  st7735.o
    0x0800106e   0x0800106e   0x00000092   Code   RO           26    .text.ST7735_DrawPixel  st7735.o
    0x08001100   0x08001100   0x000000bc   Code   RO           64    .text.ST7735_DrawRoundRect  st7735.o
    0x080011bc   0x080011bc   0x00000170   Code   RO           30    .text.ST7735_DrawString  st7735.o
    0x0800132c   0x0800132c   0x00000090   Code   RO           24    .text.ST7735_ExecuteCommandList  st7735.o
    0x080013bc   0x080013bc   0x000000dc   Code   RO           54    .text.ST7735_FillCircleHelper  st7735.o
    0x08001498   0x08001498   0x000000d8   Code   RO           32    .text.ST7735_FillRectangle  st7735.o
    0x08001570   0x08001570   0x00000066   Code   RO           66    .text.ST7735_FillRoundRect  st7735.o
    0x080015d6   0x080015d6   0x00000044   Code   RO           34    .text.ST7735_FillScreen  st7735.o
    0x0800161a   0x0800161a   0x00000068   Code   RO           22    .text.ST7735_Init   st7735.o
    0x08001682   0x08001682   0x000000dc   Code   RO           28    .text.ST7735_SetAddressWindow  st7735.o
    0x0800175e   0x0800175e   0x00000002   Code   RO          451    .text.SVC_Handler   stm32f1xx_it.o
    0x08001760   0x08001760   0x00000004   Code   RO          457    .text.SysTick_Handler  stm32f1xx_it.o
    0x08001764   0x08001764   0x00000018   Code   RO          117    .text.SysTick_Init  systick.o
    0x0800177c   0x0800177c   0x00000002   Code   RO          480    .text.SystemInit    system_stm32f1xx.o
    0x0800177e   0x0800177e   0x00000046   Code   RO          145    .text.TIM3_IRQHandler  timer.o
    0x080017c4   0x080017c4   0x0000006a   Code   RO          143    .text.Timer3A_Init  timer.o
    0x0800182e   0x0800182e   0x00000094   Code   RO          359    .text.UART1_Init    uart.o
    0x080018c2   0x080018c2   0x00000002   PAD
    0x080018c4   0x080018c4   0x00000046   Code   RO          367    .text.UART1_SendString  uart.o
    0x0800190a   0x0800190a   0x00000094   Code   RO          361    .text.UART2_Init    uart.o
    0x0800199e   0x0800199e   0x00000002   PAD
    0x080019a0   0x080019a0   0x00000056   Code   RO          369    .text.UART2_SendString  uart.o
    0x080019f6   0x080019f6   0x000000a2   Code   RO          373    .text.USART1_IRQHandler  uart.o
    0x08001a98   0x08001a98   0x000000a2   Code   RO          375    .text.USART2_IRQHandler  uart.o
    0x08001b3a   0x08001b3a   0x00000002   PAD
    0x08001b3c   0x08001b3c   0x00000002   Code   RO          449    .text.UsageFault_Handler  stm32f1xx_it.o
    0x08001b3e   0x08001b3e   0x00000044   Code   RO          171    .text.animateFillRoundRect  spaceinvaders.o
    0x08001b82   0x08001b82   0x000000b6   Code   RO          209    .text.background    spaceinvaders.o
    0x08001c38   0x08001c38   0x00000066   Code   RO          241    .text.battleshipBulletInit  spaceinvaders.o
    0x08001c9e   0x08001c9e   0x0000006c   Code   RO          245    .text.battleshipBulletMove  spaceinvaders.o
    0x08001d0a   0x08001d0a   0x0000006c   Code   RO          247    .text.battleshipBulletMove_1  spaceinvaders.o
    0x08001d76   0x08001d76   0x00000070   Code   RO          249    .text.battleshipBulletMove_2  spaceinvaders.o
    0x08001de6   0x08001de6   0x0000001a   Code   RO          173    .text.battleshipInit_1  spaceinvaders.o
    0x08001e00   0x08001e00   0x00000064   Code   RO          235    .text.battleshipMove  spaceinvaders.o
    0x08001e64   0x08001e64   0x00000086   Code   RO          237    .text.battleshipMove_2  spaceinvaders.o
    0x08001eea   0x08001eea   0x00000036   Code   RO          231    .text.changestate   spaceinvaders.o
    0x08001f20   0x08001f20   0x00000098   Code   RO          159    .text.dynamic_hole  spaceinvaders.o
    0x08001fb8   0x08001fb8   0x00000098   Code   RO          163    .text.dynamic_hole_1  spaceinvaders.o
    0x08002050   0x08002050   0x00000098   Code   RO          167    .text.dynamic_hole_2  spaceinvaders.o
    0x080020e8   0x080020e8   0x00000098   Code   RO          161    .text.dynamic_hole_3  spaceinvaders.o
    0x08002180   0x08002180   0x00000098   Code   RO          165    .text.dynamic_hole_4  spaceinvaders.o
    0x08002218   0x08002218   0x00000098   Code   RO          169    .text.dynamic_hole_5  spaceinvaders.o
    0x080022b0   0x080022b0   0x00000030   Code   RO          215    .text.init_fire     spaceinvaders.o
    0x080022e0   0x080022e0   0x00000034   Code   RO          221    .text.init_water    spaceinvaders.o
    0x08002314   0x08002314   0x000004bc   Code   RO          412    .text.main          main.o
    0x080027d0   0x080027d0   0x00000148   Code   RO          213    .text.menu          spaceinvaders.o
    0x08002918   0x08002918   0x0000009c   Code   RO          211    .text.menu_loading  spaceinvaders.o
    0x080029b4   0x080029b4   0x000000e8   Code   RO          229    .text.move_fire     spaceinvaders.o
    0x08002a9c   0x08002a9c   0x000000e4   Code   RO          225    .text.move_water    spaceinvaders.o
    0x08002b80   0x08002b80   0x00000016   Code   RO          217    .text.recover_fire  spaceinvaders.o
    0x08002b96   0x08002b96   0x0000001a   Code   RO          223    .text.recover_water  spaceinvaders.o
    0x08002bb0   0x08002bb0   0x00000038   Code   RO          205    .text.spacestones   spaceinvaders.o
    0x08002be8   0x08002be8   0x0000007a   Code   RO          255    .text.spriteInit    spaceinvaders.o
    0x08002c62   0x08002c62   0x00000680   Code   RO          257    .text.spriteMove    spaceinvaders.o
    0x080032e2   0x080032e2   0x00000002   PAD
    0x080032e4   0x080032e4   0x00000038   Code   RO          207    .text.stars_vip     spaceinvaders.o
    0x0800331c   0x0800331c   0x00000062   Code   RO          179    .text.stars_walk_1  spaceinvaders.o
    0x0800337e   0x0800337e   0x00000074   Code   RO          183    .text.stars_walk_2  spaceinvaders.o
    0x080033f2   0x080033f2   0x00000062   Code   RO          185    .text.stars_walk_3  spaceinvaders.o
    0x08003454   0x08003454   0x00000070   Code   RO          181    .text.stars_walk_4  spaceinvaders.o
    0x080034c4   0x080034c4   0x0000005a   Code   RO          972    x$fpl$dfixu         fz_ws.l(dfixu.o)
    0x0800351e   0x0800351e   0x00000026   Code   RO          976    x$fpl$dfltu         fz_ws.l(dflt_clz.o)
    0x08003544   0x08003544   0x00000154   Code   RO          982    x$fpl$dmul          fz_ws.l(dmul.o)
    0x08003698   0x08003698   0x0000009c   Code   RO          991    x$fpl$dnaninf       fz_ws.l(dnaninf.o)
    0x08003734   0x08003734   0x0000000c   Code   RO          993    x$fpl$dretinf       fz_ws.l(dretinf.o)
    0x08003740   0x08003740   0x00000036   Code   RO          984    x$fpl$ffix          fz_ws.l(ffix.o)
    0x08003776   0x08003776   0x0000008c   Code   RO          995    x$fpl$fnaninf       fz_ws.l(fnaninf.o)
    0x08003802   0x08003802   0x00000000   Code   RO          997    x$fpl$usenofp       fz_ws.l(usenofp.o)
    0x08003802   0x08003802   0x0000076c   Data   RO           11    .rodata.Font7x10    fonts.o
    0x08003f6e   0x08003f6e   0x000008c8   Data   RO          335    .rodata.battleship_img_1  image.o
    0x08004836   0x08004836   0x00000038   Data   RO          336    .rodata.bullet      image.o
    0x0800486e   0x0800486e   0x00001390   Data   RO          326    .rodata.gImage_EDABK_logo  image.o
    0x08005bfe   0x08005bfe   0x0000067a   Data   RO          322    .rodata.gImage_Fire  image.o
    0x08006278   0x08006278   0x00000300   Data   RO          323    .rodata.gImage_Hamster  image.o
    0x08006578   0x08006578   0x0000054e   Data   RO          324    .rodata.gImage_chicken  image.o
    0x08006ac6   0x08006ac6   0x0000038c   Data   RO          325    .rodata.gImage_dino  image.o
    0x08006e52   0x08006e52   0x0000015c   Data   RO          321    .rodata.gImage_fire_bullet  image.o
    0x08006fae   0x08006fae   0x00000710   Data   RO          331    .rodata.gImage_hole  image.o
    0x080076be   0x080076be   0x0000132c   Data   RO          334    .rodata.gImage_planet_1  image.o
    0x080089ea   0x080089ea   0x00000c38   Data   RO          330    .rodata.gImage_planet_2  image.o
    0x08009622   0x08009622   0x00000486   Data   RO          329    .rodata.gImage_saobang  image.o
    0x08009aa8   0x08009aa8   0x0000056c   Data   RO          328    .rodata.gImage_spacestones  image.o
    0x0800a014   0x0800a014   0x000002d8   Data   RO          332    .rodata.gImage_stars  image.o
    0x0800a2ec   0x0800a2ec   0x0000005c   Data   RO          327    .rodata.gImage_stars_vip  image.o
    0x0800a348   0x0800a348   0x000004b8   Data   RO          320    .rodata.gImage_water  image.o
    0x0800a800   0x0800a800   0x0000024a   Data   RO          319    .rodata.gImage_water_bullet  image.o
    0x0800aa4a   0x0800aa4a   0x0000003b   Data   RO           82    .rodata.init_cmds1  st7735.o
    0x0800aa85   0x0800aa85   0x0000000d   Data   RO           83    .rodata.init_cmds2  st7735.o
    0x0800aa92   0x0800aa92   0x0000002b   Data   RO           84    .rodata.init_cmds3  st7735.o
    0x0800aabd   0x0800aabd   0x00000003   PAD
    0x0800aac0   0x0800aac0   0x000005a0   Data   RO          283    .rodata.precomputed_cos  spaceinvaders.o
    0x0800b060   0x0800b060   0x000005a0   Data   RO          280    .rodata.precomputed_cos_1  spaceinvaders.o
    0x0800b600   0x0800b600   0x000005a0   Data   RO          285    .rodata.precomputed_cos_2  spaceinvaders.o
    0x0800bba0   0x0800bba0   0x000005a0   Data   RO          281    .rodata.precomputed_sin  spaceinvaders.o
    0x0800c140   0x0800c140   0x000005a0   Data   RO          279    .rodata.precomputed_sin_1  spaceinvaders.o
    0x0800c6e0   0x0800c6e0   0x000005a0   Data   RO          284    .rodata.precomputed_sin_2  spaceinvaders.o
    0x0800cc80   0x0800cc80   0x0000000e   Data   RO          292    .rodata.str1.1      spaceinvaders.o
    0x0800cc8e   0x0800cc8e   0x00000002   PAD
    0x0800cc90   0x0800cc90   0x00000020   Data   RO         1159    Region$$Table       anon$$obj.o


    Execution Region RW_IRAM1 (Exec base: 0x20000000, Load base: 0x0800ccb0, Size: 0x00001840, Max: 0x00005000, ABSOLUTE)

    Exec Addr    Load Addr    Size         Type   Attr      Idx    E Section Name        Object

    0x20000000   0x0800ccb0   0x00000008   Data   RW           12    .data.Font_7x10     fonts.o
    0x20000008   0x0800ccb8   0x00000004   Data   RW          484    .data.SystemCoreClock  system_stm32f1xx.o
    0x2000000c   0x0800ccbc   0x00000004   Data   RW          272    .data.angle1        spaceinvaders.o
    0x20000010   0x0800ccc0   0x00000004   Data   RW          273    .data.angle2        spaceinvaders.o
    0x20000014   0x0800ccc4   0x00000004   Data   RW          274    .data.angle3        spaceinvaders.o
    0x20000018   0x0800ccc8   0x00000004   Data   RW          275    .data.angle4        spaceinvaders.o
    0x2000001c   0x0800cccc   0x00000004   Data   RW          276    .data.angle5        spaceinvaders.o
    0x20000020   0x0800ccd0   0x00000001   Data   RW          261    .data.clear         spaceinvaders.o
    0x20000021   0x0800ccd1   0x00000001   PAD
    0x20000022   0x0800ccd2   0x00000002   Data   RW          270    .data.current_fill_level  spaceinvaders.o
    0x20000024   0x0800ccd4   0x00000001   Data   RW          264    .data.dynamic_stars_x_2  spaceinvaders.o
    0x20000025   0x0800ccd5   0x00000001   Data   RW          262    .data.dynamic_stars_x_3  spaceinvaders.o
    0x20000026   0x0800ccd6   0x00000001   Data   RW          266    .data.dynamic_stars_x_4  spaceinvaders.o
    0x20000027   0x0800ccd7   0x00000001   Data   RW          265    .data.dynamic_stars_y_2  spaceinvaders.o
    0x20000028   0x0800ccd8   0x00000001   Data   RW          267    .data.dynamic_stars_y_4  spaceinvaders.o
    0x20000029   0x0800ccd9   0x00000001   Data   RW          420    .data.fill_flag     main.o
    0x2000002a   0x0800ccda   0x00000001   Data   RW          421    .data.fill_flag_1   main.o
    0x2000002b   0x0800ccdb   0x00000001   Data   RW          676    .data.uwTickFreq    stm32f1xx_hal.o
    0x2000002c   0x0800ccdc   0x00000004   Data   RW          675    .data.uwTickPrio    stm32f1xx_hal.o
    0x20000030   0x0800cce0   0x00000001   Data   RW          271    .data.y_menu        spaceinvaders.o
    0x20000031   0x0800cce1   0x00000007   PAD
    0x20000038        -       0x00000060   Zero   RW         1024    .bss                c_w.l(libspace.o)
    0x20000098        -       0x00000002   Zero   RW          148    .bss.ADCData        timer.o
    0x2000009a        -       0x00000002   Zero   RW          393    .bss.ADCData_2      uart.o
    0x2000009c        -       0x00000001   Zero   RW          147    .bss.ADCstatus      timer.o
    0x2000009d   0x0800cce1   0x00000003   PAD
    0x200000a0        -       0x00000024   Zero   RW          298    .bss.Hamster        spaceinvaders.o
    0x200000c4        -       0x00000004   Zero   RW          351    .bss.M              random.o
    0x200000c8        -       0x00000001   Zero   RW           86    .bss._height        st7735.o
    0x200000c9   0x0800cce1   0x00000001   PAD
    0x200000ca        -       0x00000001   Zero   RW           85    .bss._width         st7735.o
    0x200000cb   0x0800cce1   0x00000001   PAD
    0x200000cc        -       0x00000004   Zero   RW          282    .bss.angle          spaceinvaders.o
    0x200000d0        -       0x0000004c   Zero   RW          424    .bss.battleship_1   main.o
    0x2000011c        -       0x0000004c   Zero   RW          425    .bss.battleship_2   main.o
    0x20000168        -       0x00000024   Zero   RW          297    .bss.chicken        spaceinvaders.o
    0x2000018c        -       0x00000001   Zero   RW          299    .bss.count          spaceinvaders.o
    0x2000018d   0x0800cce1   0x00000003   PAD
    0x20000190        -       0x00000004   Zero   RW          430    .bss.count1         main.o
    0x20000194        -       0x00000001   Zero   RW          422    .bss.countGenItem   main.o
    0x20000195        -       0x00000001   Zero   RW          423    .bss.countGenWaterItem  main.o
    0x20000196        -       0x00000001   Zero   RW          303    .bss.count_Hamster  spaceinvaders.o
    0x20000197        -       0x00000001   Zero   RW          301    .bss.count_chicken  spaceinvaders.o
    0x20000198        -       0x00000001   Zero   RW          290    .bss.dynamic_stars_x_1  spaceinvaders.o
    0x20000199        -       0x00000001   Zero   RW          291    .bss.dynamic_stars_y_1  spaceinvaders.o
    0x2000019a        -       0x00000001   Zero   RW          263    .bss.dynamic_stars_y_3  spaceinvaders.o
    0x2000019b   0x0800cce1   0x00000001   PAD
    0x2000019c        -       0x00000028   Zero   RW          293    .bss.fire           spaceinvaders.o
    0x200001c4        -       0x00000001   Zero   RW          300    .bss.flag           spaceinvaders.o
    0x200001c5        -       0x00000001   Zero   RW          304    .bss.flag_Hamster   spaceinvaders.o
    0x200001c6        -       0x00000001   Zero   RW          302    .bss.flag_chicken   spaceinvaders.o
    0x200001c7        -       0x00000001   Zero   RW          427    .bss.game_start     main.o
    0x200001c8        -       0x00000058   Zero   RW          431    .bss.hspi1          main.o
    0x20000220        -       0x00000001   Zero   RW          426    .bss.init_ship      main.o
    0x20000221        -       0x00000001   Zero   RW          429    .bss.menu_end       main.o
    0x20000222        -       0x00000001   Zero   RW          428    .bss.menu_start     main.o
    0x20000223        -       0x00000001   Zero   RW          390    .bss.received_data  uart.o
    0x20000224        -       0x00000001   Zero   RW          386    .bss.received_data_2  uart.o
    0x20000225        -       0x000003e8   Zero   RW          389    .bss.rx_buffer      uart.o
    0x2000060d        -       0x000003e8   Zero   RW          392    .bss.rx_buffer_2    uart.o
    0x200009f5        -       0x00000001   Zero   RW          379    .bss.rx_read        uart.o
    0x200009f6        -       0x00000001   Zero   RW          383    .bss.rx_read_2      uart.o
    0x200009f7        -       0x00000001   Zero   RW          380    .bss.rx_write       uart.o
    0x200009f8        -       0x00000001   Zero   RW          384    .bss.rx_write_2     uart.o
    0x200009f9        -       0x00000003   Zero   RW          286    .bss.spacestone_x   spaceinvaders.o
    0x200009fc        -       0x00000003   Zero   RW          287    .bss.spacestone_y   spaceinvaders.o
    0x200009ff   0x0800cce1   0x00000001   PAD
    0x20000a00        -       0x00000024   Zero   RW          296    .bss.sprite         spaceinvaders.o
    0x20000a24        -       0x0000000c   Zero   RW          288    .bss.stars_vip_x    spaceinvaders.o
    0x20000a30        -       0x0000000c   Zero   RW          289    .bss.stars_vip_y    spaceinvaders.o
    0x20000a3c        -       0x000003e8   Zero   RW          387    .bss.tx_buffer      uart.o
    0x20000e24        -       0x000003e8   Zero   RW          388    .bss.tx_buffer_2    uart.o
    0x2000120c        -       0x00000001   Zero   RW          377    .bss.tx_read        uart.o
    0x2000120d        -       0x00000001   Zero   RW          381    .bss.tx_read_2      uart.o
    0x2000120e        -       0x00000001   Zero   RW          378    .bss.tx_write       uart.o
    0x2000120f        -       0x00000001   Zero   RW          382    .bss.tx_write_2     uart.o
    0x20001210        -       0x00000001   Zero   RW          391    .bss.uart_received  uart.o
    0x20001211        -       0x00000001   Zero   RW          385    .bss.uart_received_2  uart.o
    0x20001212   0x0800cce1   0x00000002   PAD
    0x20001214        -       0x00000004   Zero   RW          677    .bss.uwTick         stm32f1xx_hal.o
    0x20001218        -       0x00000028   Zero   RW          294    .bss.water          spaceinvaders.o
    0x20001240        -       0x00000200   Zero   RW            2    HEAP                startup_stm32f103xb.o
    0x20001440        -       0x00000400   Zero   RW            1    STACK               startup_stm32f103xb.o


==============================================================================

Image component sizes


      Code (inc. data)   RO Data    RW Data    ZI Data      Debug   Object Name

        86          0          0          0          0       1773   adc.o
         0          0       1900          8          0       1015   fonts.o
         0          0      27356          0          0       1393   image.o
       178          0          0          0          0       4050   io.o
      1270         24          0          2        250       9656   main.o
        88          0          0          0          0       1043   pll.o
        60          0          0          0          4       1054   random.o
      5388         56       8654         29        231      15597   spaceinvaders.o
      2876          0        115          0          2      21629   st7735.o
        64         26        236          0       1536        932   startup_stm32f103xb.o
       196          0          0          5          4       5919   stm32f1xx_hal.o
       162          0          0          0          0       8451   stm32f1xx_hal_cortex.o
       506          4          0          0          0       4804   stm32f1xx_hal_gpio.o
       168          0          0          0          0       4505   stm32f1xx_hal_msp.o
       746          0          0          0          0      22058   stm32f1xx_hal_spi.o
        20          0          0          0          0       1279   stm32f1xx_it.o
         2          0          0          4          0       1759   system_stm32f1xx.o
        24          0          0          0          0       1448   systick.o
       176          0          0          0          3       5204   timer.o
       776          0          0          0       4014       5780   uart.o

    ----------------------------------------------------------------------
     12806        110      38298         52       6060     119349   Object Totals
         0          0         32          0          0          0   (incl. Generated)
        20          0          5          4         16          0   (incl. Padding)

    ----------------------------------------------------------------------

      Code (inc. data)   RO Data    RW Data    ZI Data      Debug   Library Member Name

         8          0          0          0          0         68   __main.o
         0          0          0          0          0          0   __rtentry.o
        12          0          0          0          0          0   __rtentry2.o
         6          0          0          0          0          0   __rtentry4.o
        94          8          0          0          0          0   __scatter.o
        26          0          0          0          0          0   __scatter_copy.o
        28          0          0          0          0          0   __scatter_zi.o
        18          0          0          0          0         80   exit.o
         6          0          0          0          0        152   heapauxi.o
         0          0          0          0          0          0   indicate_semi.o
         2          0          0          0          0          0   libinit.o
         2          0          0          0          0          0   libinit2.o
         2          0          0          0          0          0   libshutdown.o
         2          0          0          0          0          0   libshutdown2.o
         8          4          0          0         96         68   libspace.o
        68          0          0          0          0         68   rt_memclr.o
        78          0          0          0          0         80   rt_memclr_w.o
         2          0          0          0          0          0   rtexit.o
        10          0          0          0          0          0   rtexit2.o
        12          4          0          0          0         68   sys_exit.o
        74          0          0          0          0         80   sys_stackheap_outer.o
         2          0          0          0          0         68   use_no_semi.o
        90          4          0          0          0         92   dfixu.o
        38          0          0          0          0         68   dflt_clz.o
       340         12          0          0          0        104   dmul.o
       156          4          0          0          0         92   dnaninf.o
        12          0          0          0          0         68   dretinf.o
        54          4          0          0          0         84   ffix.o
       140          4          0          0          0         84   fnaninf.o
         0          0          0          0          0          0   usenofp.o

    ----------------------------------------------------------------------
      1296         44          0          0         96       1324   Library Totals
         6          0          0          0          0          0   (incl. Padding)

    ----------------------------------------------------------------------

      Code (inc. data)   RO Data    RW Data    ZI Data      Debug   Library Name

       460         16          0          0         96        732   c_w.l
       830         28          0          0          0        592   fz_ws.l

    ----------------------------------------------------------------------
      1296         44          0          0         96       1324   Library Totals

    ----------------------------------------------------------------------

==============================================================================


      Code (inc. data)   RO Data    RW Data    ZI Data      Debug   

     14102        154      38298         52       6156     119845   Grand Totals
     14102        154      38298         52       6156     119845   ELF Image Totals
     14102        154      38298         52          0          0   ROM Totals

==============================================================================

    Total RO  Size (Code + RO Data)                52400 (  51.17kB)
    Total RW  Size (RW Data + ZI Data)              6208 (   6.06kB)
    Total ROM Size (Code + RO Data + RW Data)      52452 (  51.22kB)

==============================================================================

